User Service Tests	Set up job	ï»¿2025-11-27T03:22:58.6996266Z Current runner version: '2.329.0'
User Service Tests	Set up job	2025-11-27T03:22:58.7033375Z ##[group]Runner Image Provisioner
User Service Tests	Set up job	2025-11-27T03:22:58.7034528Z Hosted Compute Agent
User Service Tests	Set up job	2025-11-27T03:22:58.7035408Z Version: 20251016.436
User Service Tests	Set up job	2025-11-27T03:22:58.7036522Z Commit: 8ab8ac8bfd662a3739dab9fe09456aba92132568
User Service Tests	Set up job	2025-11-27T03:22:58.7037653Z Build Date: 2025-10-15T20:44:12Z
User Service Tests	Set up job	2025-11-27T03:22:58.7038652Z ##[endgroup]
User Service Tests	Set up job	2025-11-27T03:22:58.7039995Z ##[group]Operating System
User Service Tests	Set up job	2025-11-27T03:22:58.7040951Z Ubuntu
User Service Tests	Set up job	2025-11-27T03:22:58.7041700Z 24.04.3
User Service Tests	Set up job	2025-11-27T03:22:58.7042637Z LTS
User Service Tests	Set up job	2025-11-27T03:22:58.7043363Z ##[endgroup]
User Service Tests	Set up job	2025-11-27T03:22:58.7044149Z ##[group]Runner Image
User Service Tests	Set up job	2025-11-27T03:22:58.7045192Z Image: ubuntu-24.04
User Service Tests	Set up job	2025-11-27T03:22:58.7045994Z Version: 20251112.124.1
User Service Tests	Set up job	2025-11-27T03:22:58.7047787Z Included Software: https://github.com/actions/runner-images/blob/ubuntu24/20251112.124/images/ubuntu/Ubuntu2404-Readme.md
User Service Tests	Set up job	2025-11-27T03:22:58.7050393Z Image Release: https://github.com/actions/runner-images/releases/tag/ubuntu24%2F20251112.124
User Service Tests	Set up job	2025-11-27T03:22:58.7052505Z ##[endgroup]
User Service Tests	Set up job	2025-11-27T03:22:58.7054315Z ##[group]GITHUB_TOKEN Permissions
User Service Tests	Set up job	2025-11-27T03:22:58.7057364Z Contents: read
User Service Tests	Set up job	2025-11-27T03:22:58.7058228Z Metadata: read
User Service Tests	Set up job	2025-11-27T03:22:58.7059298Z Packages: read
User Service Tests	Set up job	2025-11-27T03:22:58.7060174Z ##[endgroup]
User Service Tests	Set up job	2025-11-27T03:22:58.7063300Z Secret source: Actions
User Service Tests	Set up job	2025-11-27T03:22:58.7064442Z Prepare workflow directory
User Service Tests	Set up job	2025-11-27T03:22:58.7556272Z Prepare all required actions
User Service Tests	Set up job	2025-11-27T03:22:58.7616089Z Getting action download info
User Service Tests	Set up job	2025-11-27T03:22:58.9817279Z Download action repository 'actions/checkout@v4' (SHA:34e114876b0b11c390a56381ad16ebd13914f8d5)
User Service Tests	Set up job	2025-11-27T03:22:59.3151535Z Download action repository 'actions/setup-java@v4' (SHA:c5195efecf7bdfc987ee8bae7a71cb8b11521c00)
User Service Tests	Set up job	2025-11-27T03:22:59.7571149Z Complete job name: User Service Tests
User Service Tests	Checkout	ï»¿2025-11-27T03:22:59.8278191Z ##[group]Run actions/checkout@v4
User Service Tests	Checkout	2025-11-27T03:22:59.8279284Z with:
User Service Tests	Checkout	2025-11-27T03:22:59.8279823Z   repository: kunlecreates/shop-ease-enterprise-app
User Service Tests	Checkout	2025-11-27T03:22:59.8280634Z   token: ***
User Service Tests	Checkout	2025-11-27T03:22:59.8281074Z   ssh-strict: true
User Service Tests	Checkout	2025-11-27T03:22:59.8281485Z   ssh-user: git
User Service Tests	Checkout	2025-11-27T03:22:59.8281910Z   persist-credentials: true
User Service Tests	Checkout	2025-11-27T03:22:59.8282385Z   clean: true
User Service Tests	Checkout	2025-11-27T03:22:59.8282818Z   sparse-checkout-cone-mode: true
User Service Tests	Checkout	2025-11-27T03:22:59.8283336Z   fetch-depth: 1
User Service Tests	Checkout	2025-11-27T03:22:59.8283744Z   fetch-tags: false
User Service Tests	Checkout	2025-11-27T03:22:59.8284168Z   show-progress: true
User Service Tests	Checkout	2025-11-27T03:22:59.8284595Z   lfs: false
User Service Tests	Checkout	2025-11-27T03:22:59.8284993Z   submodules: false
User Service Tests	Checkout	2025-11-27T03:22:59.8285437Z   set-safe-directory: true
User Service Tests	Checkout	2025-11-27T03:22:59.8286166Z ##[endgroup]
User Service Tests	Checkout	2025-11-27T03:22:59.9372874Z Syncing repository: kunlecreates/shop-ease-enterprise-app
User Service Tests	Checkout	2025-11-27T03:22:59.9374980Z ##[group]Getting Git version info
User Service Tests	Checkout	2025-11-27T03:22:59.9375982Z Working directory is '/home/runner/work/shop-ease-enterprise-app/shop-ease-enterprise-app'
User Service Tests	Checkout	2025-11-27T03:22:59.9377451Z [command]/usr/bin/git version
User Service Tests	Checkout	2025-11-27T03:22:59.9435110Z git version 2.51.2
User Service Tests	Checkout	2025-11-27T03:22:59.9461130Z ##[endgroup]
User Service Tests	Checkout	2025-11-27T03:22:59.9475589Z Temporarily overriding HOME='/home/runner/work/_temp/cf2979cc-eb54-4fa5-96a4-e5755b552866' before making global git config changes
User Service Tests	Checkout	2025-11-27T03:22:59.9477853Z Adding repository directory to the temporary git global config as a safe directory
User Service Tests	Checkout	2025-11-27T03:22:59.9480907Z [command]/usr/bin/git config --global --add safe.directory /home/runner/work/shop-ease-enterprise-app/shop-ease-enterprise-app
User Service Tests	Checkout	2025-11-27T03:22:59.9517264Z Deleting the contents of '/home/runner/work/shop-ease-enterprise-app/shop-ease-enterprise-app'
User Service Tests	Checkout	2025-11-27T03:22:59.9520932Z ##[group]Initializing the repository
User Service Tests	Checkout	2025-11-27T03:22:59.9525000Z [command]/usr/bin/git init /home/runner/work/shop-ease-enterprise-app/shop-ease-enterprise-app
User Service Tests	Checkout	2025-11-27T03:22:59.9635716Z hint: Using 'master' as the name for the initial branch. This default branch name
User Service Tests	Checkout	2025-11-27T03:22:59.9637194Z hint: is subject to change. To configure the initial branch name to use in all
User Service Tests	Checkout	2025-11-27T03:22:59.9638371Z hint: of your new repositories, which will suppress this warning, call:
User Service Tests	Checkout	2025-11-27T03:22:59.9640320Z hint:
User Service Tests	Checkout	2025-11-27T03:22:59.9641013Z hint: 	git config --global init.defaultBranch <name>
User Service Tests	Checkout	2025-11-27T03:22:59.9641752Z hint:
User Service Tests	Checkout	2025-11-27T03:22:59.9642464Z hint: Names commonly chosen instead of 'master' are 'main', 'trunk' and
User Service Tests	Checkout	2025-11-27T03:22:59.9643640Z hint: 'development'. The just-created branch can be renamed via this command:
User Service Tests	Checkout	2025-11-27T03:22:59.9644723Z hint:
User Service Tests	Checkout	2025-11-27T03:22:59.9645355Z hint: 	git branch -m <name>
User Service Tests	Checkout	2025-11-27T03:22:59.9645892Z hint:
User Service Tests	Checkout	2025-11-27T03:22:59.9646607Z hint: Disable this message with "git config set advice.defaultBranchName false"
User Service Tests	Checkout	2025-11-27T03:22:59.9648084Z Initialized empty Git repository in /home/runner/work/shop-ease-enterprise-app/shop-ease-enterprise-app/.git/
User Service Tests	Checkout	2025-11-27T03:22:59.9651722Z [command]/usr/bin/git remote add origin https://github.com/kunlecreates/shop-ease-enterprise-app
User Service Tests	Checkout	2025-11-27T03:22:59.9686924Z ##[endgroup]
User Service Tests	Checkout	2025-11-27T03:22:59.9688283Z ##[group]Disabling automatic garbage collection
User Service Tests	Checkout	2025-11-27T03:22:59.9692007Z [command]/usr/bin/git config --local gc.auto 0
User Service Tests	Checkout	2025-11-27T03:22:59.9721708Z ##[endgroup]
User Service Tests	Checkout	2025-11-27T03:22:59.9723073Z ##[group]Setting up auth
User Service Tests	Checkout	2025-11-27T03:22:59.9729664Z [command]/usr/bin/git config --local --name-only --get-regexp core\.sshCommand
User Service Tests	Checkout	2025-11-27T03:22:59.9761667Z [command]/usr/bin/git submodule foreach --recursive sh -c "git config --local --name-only --get-regexp 'core\.sshCommand' && git config --local --unset-all 'core.sshCommand' || :"
User Service Tests	Checkout	2025-11-27T03:23:00.0083162Z [command]/usr/bin/git config --local --name-only --get-regexp http\.https\:\/\/github\.com\/\.extraheader
User Service Tests	Checkout	2025-11-27T03:23:00.0114407Z [command]/usr/bin/git submodule foreach --recursive sh -c "git config --local --name-only --get-regexp 'http\.https\:\/\/github\.com\/\.extraheader' && git config --local --unset-all 'http.https://github.com/.extraheader' || :"
User Service Tests	Checkout	2025-11-27T03:23:00.0339621Z [command]/usr/bin/git config --local --name-only --get-regexp ^includeIf\.gitdir:
User Service Tests	Checkout	2025-11-27T03:23:00.0380354Z [command]/usr/bin/git submodule foreach --recursive git config --local --show-origin --name-only --get-regexp remote.origin.url
User Service Tests	Checkout	2025-11-27T03:23:00.0604874Z [command]/usr/bin/git config --local http.https://github.com/.extraheader AUTHORIZATION: basic ***
User Service Tests	Checkout	2025-11-27T03:23:00.0639322Z ##[endgroup]
User Service Tests	Checkout	2025-11-27T03:23:00.0640257Z ##[group]Fetching the repository
User Service Tests	Checkout	2025-11-27T03:23:00.0648202Z [command]/usr/bin/git -c protocol.version=2 fetch --no-tags --prune --no-recurse-submodules --depth=1 origin +921cb62a369f451e38dc3429982bdccf85209775:refs/remotes/pull/7/merge
User Service Tests	Checkout	2025-11-27T03:23:00.2634555Z From https://github.com/kunlecreates/shop-ease-enterprise-app
User Service Tests	Checkout	2025-11-27T03:23:00.2635621Z  * [new ref]         921cb62a369f451e38dc3429982bdccf85209775 -> pull/7/merge
User Service Tests	Checkout	2025-11-27T03:23:00.2666455Z ##[endgroup]
User Service Tests	Checkout	2025-11-27T03:23:00.2667589Z ##[group]Determining the checkout info
User Service Tests	Checkout	2025-11-27T03:23:00.2669348Z ##[endgroup]
User Service Tests	Checkout	2025-11-27T03:23:00.2674126Z [command]/usr/bin/git sparse-checkout disable
User Service Tests	Checkout	2025-11-27T03:23:00.2715041Z [command]/usr/bin/git config --local --unset-all extensions.worktreeConfig
User Service Tests	Checkout	2025-11-27T03:23:00.2741748Z ##[group]Checking out the ref
User Service Tests	Checkout	2025-11-27T03:23:00.2746129Z [command]/usr/bin/git checkout --progress --force refs/remotes/pull/7/merge
User Service Tests	Checkout	2025-11-27T03:23:00.2907963Z Note: switching to 'refs/remotes/pull/7/merge'.
User Service Tests	Checkout	2025-11-27T03:23:00.2908961Z 
User Service Tests	Checkout	2025-11-27T03:23:00.2909490Z You are in 'detached HEAD' state. You can look around, make experimental
User Service Tests	Checkout	2025-11-27T03:23:00.2910803Z changes and commit them, and you can discard any commits you make in this
User Service Tests	Checkout	2025-11-27T03:23:00.2912780Z state without impacting any branches by switching back to a branch.
User Service Tests	Checkout	2025-11-27T03:23:00.2913845Z 
User Service Tests	Checkout	2025-11-27T03:23:00.2914488Z If you want to create a new branch to retain commits you create, you may
User Service Tests	Checkout	2025-11-27T03:23:00.2916194Z do so (now or later) by using -c with the switch command. Example:
User Service Tests	Checkout	2025-11-27T03:23:00.2917077Z 
User Service Tests	Checkout	2025-11-27T03:23:00.2917488Z   git switch -c <new-branch-name>
User Service Tests	Checkout	2025-11-27T03:23:00.2918105Z 
User Service Tests	Checkout	2025-11-27T03:23:00.2918526Z Or undo this operation with:
User Service Tests	Checkout	2025-11-27T03:23:00.2919860Z 
User Service Tests	Checkout	2025-11-27T03:23:00.2920232Z   git switch -
User Service Tests	Checkout	2025-11-27T03:23:00.2920644Z 
User Service Tests	Checkout	2025-11-27T03:23:00.2921256Z Turn off this advice by setting config variable advice.detachedHead to false
User Service Tests	Checkout	2025-11-27T03:23:00.2922134Z 
User Service Tests	Checkout	2025-11-27T03:23:00.2923221Z HEAD is now at 921cb62 Merge 7e5b37d245f11d9eee375197c7aa4573e594ea0c into 3439236f0d6d51d9eb185e1f96e04dd0f488bff6
User Service Tests	Checkout	2025-11-27T03:23:00.2926340Z ##[endgroup]
User Service Tests	Checkout	2025-11-27T03:23:00.2959218Z [command]/usr/bin/git log -1 --format=%H
User Service Tests	Checkout	2025-11-27T03:23:00.2981548Z 921cb62a369f451e38dc3429982bdccf85209775
User Service Tests	Set up JDK 21	ï»¿2025-11-27T03:23:00.3244724Z ##[group]Run actions/setup-java@v4
User Service Tests	Set up JDK 21	2025-11-27T03:23:00.3245262Z with:
User Service Tests	Set up JDK 21	2025-11-27T03:23:00.3245614Z   distribution: temurin
User Service Tests	Set up JDK 21	2025-11-27T03:23:00.3246017Z   java-version: 21
User Service Tests	Set up JDK 21	2025-11-27T03:23:00.3246462Z   java-package: jdk
User Service Tests	Set up JDK 21	2025-11-27T03:23:00.3246851Z   check-latest: false
User Service Tests	Set up JDK 21	2025-11-27T03:23:00.3247236Z   server-id: github
User Service Tests	Set up JDK 21	2025-11-27T03:23:00.3247632Z   server-username: GITHUB_ACTOR
User Service Tests	Set up JDK 21	2025-11-27T03:23:00.3248092Z   server-password: GITHUB_TOKEN
User Service Tests	Set up JDK 21	2025-11-27T03:23:00.3248579Z   overwrite-settings: true
User Service Tests	Set up JDK 21	2025-11-27T03:23:00.3249295Z   job-status: success
User Service Tests	Set up JDK 21	2025-11-27T03:23:00.3249856Z   token: ***
User Service Tests	Set up JDK 21	2025-11-27T03:23:00.3250225Z ##[endgroup]
User Service Tests	Set up JDK 21	2025-11-27T03:23:00.5284132Z ##[group]Installed distributions
User Service Tests	Set up JDK 21	2025-11-27T03:23:00.5607341Z Resolved Java 21.0.9+10 from tool-cache
User Service Tests	Set up JDK 21	2025-11-27T03:23:00.5608951Z Setting Java 21.0.9+10 as the default
User Service Tests	Set up JDK 21	2025-11-27T03:23:00.5621821Z Creating toolchains.xml for JDK version 21 from temurin
User Service Tests	Set up JDK 21	2025-11-27T03:23:00.5699134Z Writing to /home/runner/.m2/toolchains.xml
User Service Tests	Set up JDK 21	2025-11-27T03:23:00.5700266Z 
User Service Tests	Set up JDK 21	2025-11-27T03:23:00.5700875Z Java configuration:
User Service Tests	Set up JDK 21	2025-11-27T03:23:00.5702007Z   Distribution: temurin
User Service Tests	Set up JDK 21	2025-11-27T03:23:00.5703191Z   Version: 21.0.9+10
User Service Tests	Set up JDK 21	2025-11-27T03:23:00.5704881Z   Path: /opt/hostedtoolcache/Java_Temurin-Hotspot_jdk/21.0.9-10/x64
User Service Tests	Set up JDK 21	2025-11-27T03:23:00.5705832Z 
User Service Tests	Set up JDK 21	2025-11-27T03:23:00.5706878Z ##[endgroup]
User Service Tests	Set up JDK 21	2025-11-27T03:23:00.5723011Z Creating settings.xml with server-id: github
User Service Tests	Set up JDK 21	2025-11-27T03:23:00.5724465Z Writing to /home/runner/.m2/settings.xml
User Service Tests	Make service Maven wrapper executable	ï»¿2025-11-27T03:23:00.5868441Z ##[group]Run if [ -f ./services/user-service/mvnw ]; then
User Service Tests	Make service Maven wrapper executable	2025-11-27T03:23:00.5870355Z [36;1mif [ -f ./services/user-service/mvnw ]; then[0m
User Service Tests	Make service Maven wrapper executable	2025-11-27T03:23:00.5871856Z [36;1m  chmod +x ./services/user-service/mvnw || true[0m
User Service Tests	Make service Maven wrapper executable	2025-11-27T03:23:00.5873168Z [36;1mfi[0m
User Service Tests	Make service Maven wrapper executable	2025-11-27T03:23:00.5912778Z shell: /usr/bin/bash -e {0}
User Service Tests	Make service Maven wrapper executable	2025-11-27T03:23:00.5913844Z env:
User Service Tests	Make service Maven wrapper executable	2025-11-27T03:23:00.5915100Z   JAVA_HOME: /opt/hostedtoolcache/Java_Temurin-Hotspot_jdk/21.0.9-10/x64
User Service Tests	Make service Maven wrapper executable	2025-11-27T03:23:00.5917306Z   JAVA_HOME_21_X64: /opt/hostedtoolcache/Java_Temurin-Hotspot_jdk/21.0.9-10/x64
User Service Tests	Make service Maven wrapper executable	2025-11-27T03:23:00.5919249Z ##[endgroup]
User Service Tests	Ensure test-utils (install if missing)	ï»¿2025-11-27T03:23:00.6081095Z ##[group]Run # If test-utils artifact already exists in local Maven repo, skip rebuild.
User Service Tests	Ensure test-utils (install if missing)	2025-11-27T03:23:00.6083463Z [36;1m# If test-utils artifact already exists in local Maven repo, skip rebuild.[0m
User Service Tests	Ensure test-utils (install if missing)	2025-11-27T03:23:00.6085985Z [36;1mif [ -f "$HOME/.m2/repository/org/kunlecreates/test-utils/0.1.0/test-utils-0.1.0.jar" ]; then[0m
User Service Tests	Ensure test-utils (install if missing)	2025-11-27T03:23:00.6088344Z [36;1m  echo "test-utils found in local Maven repo; skipping build"[0m
User Service Tests	Ensure test-utils (install if missing)	2025-11-27T03:23:00.6089978Z [36;1melse[0m
User Service Tests	Ensure test-utils (install if missing)	2025-11-27T03:23:00.6091164Z [36;1m  echo "test-utils not found; building and installing from sources"[0m
User Service Tests	Ensure test-utils (install if missing)	2025-11-27T03:23:00.6092856Z [36;1m  if [ -f ./services/test-utils/pom.xml ]; then[0m
User Service Tests	Ensure test-utils (install if missing)	2025-11-27T03:23:00.6094413Z [36;1m    mvn -B -DskipTests -f services/test-utils/pom.xml install[0m
User Service Tests	Ensure test-utils (install if missing)	2025-11-27T03:23:00.6095808Z [36;1m  else[0m
User Service Tests	Ensure test-utils (install if missing)	2025-11-27T03:23:00.6097215Z [36;1m    echo "test-utils sources not present in checkout; continuing without install"[0m
User Service Tests	Ensure test-utils (install if missing)	2025-11-27T03:23:00.6099078Z [36;1m  fi[0m
User Service Tests	Ensure test-utils (install if missing)	2025-11-27T03:23:00.6099844Z [36;1mfi[0m
User Service Tests	Ensure test-utils (install if missing)	2025-11-27T03:23:00.6132199Z shell: /usr/bin/bash -e {0}
User Service Tests	Ensure test-utils (install if missing)	2025-11-27T03:23:00.6133099Z env:
User Service Tests	Ensure test-utils (install if missing)	2025-11-27T03:23:00.6134230Z   JAVA_HOME: /opt/hostedtoolcache/Java_Temurin-Hotspot_jdk/21.0.9-10/x64
User Service Tests	Ensure test-utils (install if missing)	2025-11-27T03:23:00.6136272Z   JAVA_HOME_21_X64: /opt/hostedtoolcache/Java_Temurin-Hotspot_jdk/21.0.9-10/x64
User Service Tests	Ensure test-utils (install if missing)	2025-11-27T03:23:00.6137995Z ##[endgroup]
User Service Tests	Ensure test-utils (install if missing)	2025-11-27T03:23:00.6264746Z test-utils not found; building and installing from sources
User Service Tests	Ensure test-utils (install if missing)	2025-11-27T03:23:05.2309421Z [INFO] Scanning for projects...
User Service Tests	Ensure test-utils (install if missing)	2025-11-27T03:23:05.9857541Z [INFO] Downloading from central: https://repo.maven.apache.org/maven2/org/springframework/boot/spring-boot-starter-parent/3.3.5/spring-boot-starter-parent-3.3.5.pom
User Service Tests	Ensure test-utils (install if missing)	2025-11-27T03:23:06.7977785Z [INFO] Downloaded from central: https://repo.maven.apache.org/maven2/org/springframework/boot/spring-boot-starter-parent/3.3.5/spring-boot-starter-parent-3.3.5.pom (13 kB at 16 kB/s)
User Service Tests	Ensure test-utils (install if missing)	2025-11-27T03:23:06.8888244Z [INFO] Downloading from central: https://repo.maven.apache.org/maven2/org/springframework/boot/spring-boot-dependencies/3.3.5/spring-boot-dependencies-3.3.5.pom
User Service Tests	Ensure test-utils (install if missing)	2025-11-27T03:23:06.9371012Z [INFO] Downloaded from central: https://repo.maven.apache.org/maven2/org/springframework/boot/spring-boot-dependencies/3.3.5/spring-boot-dependencies-3.3.5.pom (100 kB at 2.0 MB/s)
User Service Tests	Ensure test-utils (install if missing)	2025-11-27T03:23:06.9972362Z [INFO] Downloading from central: https://repo.maven.apache.org/maven2/org/apache/activemq/activemq-bom/6.1.3/activemq-bom-6.1.3.pom
User Service Tests	Ensure test-utils (install if missing)	2025-11-27T03:23:07.0494309Z [INFO] Downloaded from central: https://repo.maven.apache.org/maven2/org/apache/activemq/activemq-bom/6.1.3/activemq-bom-6.1.3.pom (7.9 kB at 152 kB/s)
User Service Tests	Ensure test-utils (install if missing)	2025-11-27T03:23:07.0553634Z [INFO] Downloading from central: https://repo.maven.apache.org/maven2/org/apache/activemq/artemis-bom/2.33.0/artemis-bom-2.33.0.pom
User Service Tests	Ensure test-utils (install if missing)	2025-11-27T03:23:07.0871891Z [INFO] Downloaded from central: https://repo.maven.apache.org/maven2/org/apache/activemq/artemis-bom/2.33.0/artemis-bom-2.33.0.pom (9.6 kB at 301 kB/s)
User Service Tests	Ensure test-utils (install if missing)	2025-11-27T03:23:07.0916737Z [INFO] Downloading from central: https://repo.maven.apache.org/maven2/org/apache/activemq/artemis-project/2.33.0/artemis-project-2.33.0.pom
User Service Tests	Ensure test-utils (install if missing)	2025-11-27T03:23:07.1631080Z [INFO] Downloaded from central: https://repo.maven.apache.org/maven2/org/apache/activemq/artemis-project/2.33.0/artemis-project-2.33.0.pom (64 kB at 885 kB/s)
User Service Tests	Ensure test-utils (install if missing)	2025-11-27T03:23:07.1746593Z [INFO] Downloading from central: https://repo.maven.apache.org/maven2/org/apache/apache/31/apache-31.pom
User Service Tests	Ensure test-utils (install if missing)	2025-11-27T03:23:07.2044354Z [INFO] Downloaded from central: https://repo.maven.apache.org/maven2/org/apache/apache/31/apache-31.pom (24 kB at 759 kB/s)
User Service Tests	Ensure test-utils (install if missing)	2025-11-27T03:23:07.2151679Z [INFO] Downloading from central: https://repo.maven.apache.org/maven2/org/assertj/assertj-bom/3.25.3/assertj-bom-3.25.3.pom
User Service Tests	Ensure test-utils (install if missing)	2025-11-27T03:23:07.2639835Z [INFO] Downloaded from central: https://repo.maven.apache.org/maven2/org/assertj/assertj-bom/3.25.3/assertj-bom-3.25.3.pom (3.7 kB at 75 kB/s)
User Service Tests	Ensure test-utils (install if missing)	2025-11-27T03:23:07.2682432Z [INFO] Downloading from central: https://repo.maven.apache.org/maven2/io/zipkin/reporter2/zipkin-reporter-bom/3.4.2/zipkin-reporter-bom-3.4.2.pom
User Service Tests	Ensure test-utils (install if missing)	2025-11-27T03:23:07.3021951Z [INFO] Downloaded from central: https://repo.maven.apache.org/maven2/io/zipkin/reporter2/zipkin-reporter-bom/3.4.2/zipkin-reporter-bom-3.4.2.pom (6.4 kB at 188 kB/s)
User Service Tests	Ensure test-utils (install if missing)	2025-11-27T03:23:07.3057582Z [INFO] Downloading from central: https://repo.maven.apache.org/maven2/io/zipkin/brave/brave-bom/6.0.3/brave-bom-6.0.3.pom
User Service Tests	Ensure test-utils (install if missing)	2025-11-27T03:23:07.3518593Z [INFO] Downloaded from central: https://repo.maven.apache.org/maven2/io/zipkin/brave/brave-bom/6.0.3/brave-bom-6.0.3.pom (11 kB at 239 kB/s)
User Service Tests	Ensure test-utils (install if missing)	2025-11-27T03:23:07.3567695Z [INFO] Downloading from central: https://repo.maven.apache.org/maven2/org/apache/cassandra/java-driver-bom/4.18.1/java-driver-bom-4.18.1.pom
User Service Tests	Ensure test-utils (install if missing)	2025-11-27T03:23:07.3864260Z [INFO] Downloaded from central: https://repo.maven.apache.org/maven2/org/apache/cassandra/java-driver-bom/4.18.1/java-driver-bom-4.18.1.pom (5.5 kB at 182 kB/s)
User Service Tests	Ensure test-utils (install if missing)	2025-11-27T03:23:07.3899509Z [INFO] Downloading from central: https://repo.maven.apache.org/maven2/org/glassfish/jaxb/jaxb-bom/4.0.5/jaxb-bom-4.0.5.pom
User Service Tests	Ensure test-utils (install if missing)	2025-11-27T03:23:07.4339872Z [INFO] Downloaded from central: https://repo.maven.apache.org/maven2/org/glassfish/jaxb/jaxb-bom/4.0.5/jaxb-bom-4.0.5.pom (12 kB at 265 kB/s)
User Service Tests	Ensure test-utils (install if missing)	2025-11-27T03:23:07.4368608Z [INFO] Downloading from central: https://repo.maven.apache.org/maven2/org/eclipse/ee4j/project/1.0.9/project-1.0.9.pom
User Service Tests	Ensure test-utils (install if missing)	2025-11-27T03:23:07.4701352Z [INFO] Downloaded from central: https://repo.maven.apache.org/maven2/org/eclipse/ee4j/project/1.0.9/project-1.0.9.pom (16 kB at 489 kB/s)
User Service Tests	Ensure test-utils (install if missing)	2025-11-27T03:23:07.4763254Z [INFO] Downloading from central: https://repo.maven.apache.org/maven2/org/apache/groovy/groovy-bom/4.0.23/groovy-bom-4.0.23.pom
User Service Tests	Ensure test-utils (install if missing)	2025-11-27T03:23:07.5043823Z [INFO] Downloaded from central: https://repo.maven.apache.org/maven2/org/apache/groovy/groovy-bom/4.0.23/groovy-bom-4.0.23.pom (27 kB at 909 kB/s)
User Service Tests	Ensure test-utils (install if missing)	2025-11-27T03:23:07.5104332Z [INFO] Downloading from central: https://repo.maven.apache.org/maven2/org/infinispan/infinispan-bom/15.0.10.Final/infinispan-bom-15.0.10.Final.pom
User Service Tests	Ensure test-utils (install if missing)	2025-11-27T03:23:07.5499487Z [INFO] Downloaded from central: https://repo.maven.apache.org/maven2/org/infinispan/infinispan-bom/15.0.10.Final/infinispan-bom-15.0.10.Final.pom (18 kB at 466 kB/s)
User Service Tests	Ensure test-utils (install if missing)	2025-11-27T03:23:07.5542963Z [INFO] Downloading from central: https://repo.maven.apache.org/maven2/org/infinispan/infinispan-build-configuration-parent/15.0.10.Final/infinispan-build-configuration-parent-15.0.10.Final.pom
User Service Tests	Ensure test-utils (install if missing)	2025-11-27T03:23:07.5896887Z [INFO] Downloaded from central: https://repo.maven.apache.org/maven2/org/infinispan/infinispan-build-configuration-parent/15.0.10.Final/infinispan-build-configuration-parent-15.0.10.Final.pom (19 kB at 523 kB/s)
User Service Tests	Ensure test-utils (install if missing)	2025-11-27T03:23:07.5957857Z [INFO] Downloading from central: https://repo.maven.apache.org/maven2/org/jboss/jboss-parent/43/jboss-parent-43.pom
User Service Tests	Ensure test-utils (install if missing)	2025-11-27T03:23:07.6259536Z [INFO] Downloaded from central: https://repo.maven.apache.org/maven2/org/jboss/jboss-parent/43/jboss-parent-43.pom (75 kB at 2.5 MB/s)
User Service Tests	Ensure test-utils (install if missing)	2025-11-27T03:23:07.6407555Z [INFO] Downloading from central: https://repo.maven.apache.org/maven2/com/fasterxml/jackson/jackson-bom/2.17.2/jackson-bom-2.17.2.pom
User Service Tests	Ensure test-utils (install if missing)	2025-11-27T03:23:07.6669368Z [INFO] Downloaded from central: https://repo.maven.apache.org/maven2/com/fasterxml/jackson/jackson-bom/2.17.2/jackson-bom-2.17.2.pom (19 kB at 719 kB/s)
User Service Tests	Ensure test-utils (install if missing)	2025-11-27T03:23:07.6694276Z [INFO] Downloading from central: https://repo.maven.apache.org/maven2/com/fasterxml/jackson/jackson-parent/2.17/jackson-parent-2.17.pom
User Service Tests	Ensure test-utils (install if missing)	2025-11-27T03:23:07.7099734Z [INFO] Downloaded from central: https://repo.maven.apache.org/maven2/com/fasterxml/jackson/jackson-parent/2.17/jackson-parent-2.17.pom (6.5 kB at 163 kB/s)
User Service Tests	Ensure test-utils (install if missing)	2025-11-27T03:23:07.7127955Z [INFO] Downloading from central: https://repo.maven.apache.org/maven2/com/fasterxml/oss-parent/58/oss-parent-58.pom
User Service Tests	Ensure test-utils (install if missing)	2025-11-27T03:23:07.7455898Z [INFO] Downloaded from central: https://repo.maven.apache.org/maven2/com/fasterxml/oss-parent/58/oss-parent-58.pom (24 kB at 717 kB/s)
User Service Tests	Ensure test-utils (install if missing)	2025-11-27T03:23:07.7534563Z [INFO] Downloading from central: https://repo.maven.apache.org/maven2/org/glassfish/jersey/jersey-bom/3.1.9/jersey-bom-3.1.9.pom
User Service Tests	Ensure test-utils (install if missing)	2025-11-27T03:23:07.7855110Z [INFO] Downloaded from central: https://repo.maven.apache.org/maven2/org/glassfish/jersey/jersey-bom/3.1.9/jersey-bom-3.1.9.pom (21 kB at 630 kB/s)
User Service Tests	Ensure test-utils (install if missing)	2025-11-27T03:23:07.7906936Z [INFO] Downloading from central: https://repo.maven.apache.org/maven2/org/eclipse/jetty/ee10/jetty-ee10-bom/12.0.14/jetty-ee10-bom-12.0.14.pom
User Service Tests	Ensure test-utils (install if missing)	2025-11-27T03:23:07.8234516Z [INFO] Downloaded from central: https://repo.maven.apache.org/maven2/org/eclipse/jetty/ee10/jetty-ee10-bom/12.0.14/jetty-ee10-bom-12.0.14.pom (9.6 kB at 289 kB/s)
User Service Tests	Ensure test-utils (install if missing)	2025-11-27T03:23:07.8269698Z [INFO] Downloading from central: https://repo.maven.apache.org/maven2/org/eclipse/jetty/jetty-bom/12.0.14/jetty-bom-12.0.14.pom
User Service Tests	Ensure test-utils (install if missing)	2025-11-27T03:23:07.8650999Z [INFO] Downloaded from central: https://repo.maven.apache.org/maven2/org/eclipse/jetty/jetty-bom/12.0.14/jetty-bom-12.0.14.pom (14 kB at 380 kB/s)
User Service Tests	Ensure test-utils (install if missing)	2025-11-27T03:23:07.8688507Z [INFO] Downloading from central: https://repo.maven.apache.org/maven2/org/junit/junit-bom/5.10.5/junit-bom-5.10.5.pom
User Service Tests	Ensure test-utils (install if missing)	2025-11-27T03:23:07.9130211Z [INFO] Downloaded from central: https://repo.maven.apache.org/maven2/org/junit/junit-bom/5.10.5/junit-bom-5.10.5.pom (5.6 kB at 128 kB/s)
User Service Tests	Ensure test-utils (install if missing)	2025-11-27T03:23:07.9157249Z [INFO] Downloading from central: https://repo.maven.apache.org/maven2/org/jetbrains/kotlin/kotlin-bom/1.9.25/kotlin-bom-1.9.25.pom
User Service Tests	Ensure test-utils (install if missing)	2025-11-27T03:23:07.9450036Z [INFO] Downloaded from central: https://repo.maven.apache.org/maven2/org/jetbrains/kotlin/kotlin-bom/1.9.25/kotlin-bom-1.9.25.pom (9.1 kB at 314 kB/s)
User Service Tests	Ensure test-utils (install if missing)	2025-11-27T03:23:07.9488233Z [INFO] Downloading from central: https://repo.maven.apache.org/maven2/org/jetbrains/kotlinx/kotlinx-coroutines-bom/1.8.1/kotlinx-coroutines-bom-1.8.1.pom
User Service Tests	Ensure test-utils (install if missing)	2025-11-27T03:23:07.9751714Z [INFO] Downloaded from central: https://repo.maven.apache.org/maven2/org/jetbrains/kotlinx/kotlinx-coroutines-bom/1.8.1/kotlinx-coroutines-bom-1.8.1.pom (4.3 kB at 165 kB/s)
User Service Tests	Ensure test-utils (install if missing)	2025-11-27T03:23:07.9776285Z [INFO] Downloading from central: https://repo.maven.apache.org/maven2/org/jetbrains/kotlinx/kotlinx-serialization-bom/1.6.3/kotlinx-serialization-bom-1.6.3.pom
User Service Tests	Ensure test-utils (install if missing)	2025-11-27T03:23:08.0125573Z [INFO] Downloaded from central: https://repo.maven.apache.org/maven2/org/jetbrains/kotlinx/kotlinx-serialization-bom/1.6.3/kotlinx-serialization-bom-1.6.3.pom (3.7 kB at 105 kB/s)
User Service Tests	Ensure test-utils (install if missing)	2025-11-27T03:23:08.0218305Z [INFO] Downloading from central: https://repo.maven.apache.org/maven2/org/apache/logging/log4j/log4j-bom/2.23.1/log4j-bom-2.23.1.pom
User Service Tests	Ensure test-utils (install if missing)	2025-11-27T03:23:08.0489685Z [INFO] Downloaded from central: https://repo.maven.apache.org/maven2/org/apache/logging/log4j/log4j-bom/2.23.1/log4j-bom-2.23.1.pom (12 kB at 366 kB/s)
User Service Tests	Ensure test-utils (install if missing)	2025-11-27T03:23:08.0517324Z [INFO] Downloading from central: https://repo.maven.apache.org/maven2/org/apache/logging/logging-parent/10.6.0/logging-parent-10.6.0.pom
User Service Tests	Ensure test-utils (install if missing)	2025-11-27T03:23:08.0811671Z [INFO] Downloaded from central: https://repo.maven.apache.org/maven2/org/apache/logging/logging-parent/10.6.0/logging-parent-10.6.0.pom (54 kB at 1.9 MB/s)
User Service Tests	Ensure test-utils (install if missing)	2025-11-27T03:23:08.0898342Z [INFO] Downloading from central: https://repo.maven.apache.org/maven2/io/micrometer/micrometer-bom/1.13.6/micrometer-bom-1.13.6.pom
User Service Tests	Ensure test-utils (install if missing)	2025-11-27T03:23:08.1170890Z [INFO] Downloaded from central: https://repo.maven.apache.org/maven2/io/micrometer/micrometer-bom/1.13.6/micrometer-bom-1.13.6.pom (8.4 kB at 324 kB/s)
User Service Tests	Ensure test-utils (install if missing)	2025-11-27T03:23:08.1198405Z [INFO] Downloading from central: https://repo.maven.apache.org/maven2/io/micrometer/micrometer-tracing-bom/1.3.5/micrometer-tracing-bom-1.3.5.pom
User Service Tests	Ensure test-utils (install if missing)	2025-11-27T03:23:08.1550271Z [INFO] Downloaded from central: https://repo.maven.apache.org/maven2/io/micrometer/micrometer-tracing-bom/1.3.5/micrometer-tracing-bom-1.3.5.pom (4.5 kB at 129 kB/s)
User Service Tests	Ensure test-utils (install if missing)	2025-11-27T03:23:08.1578458Z [INFO] Downloading from central: https://repo.maven.apache.org/maven2/org/mockito/mockito-bom/5.11.0/mockito-bom-5.11.0.pom
User Service Tests	Ensure test-utils (install if missing)	2025-11-27T03:23:08.1997125Z [INFO] Downloaded from central: https://repo.maven.apache.org/maven2/org/mockito/mockito-bom/5.11.0/mockito-bom-5.11.0.pom (3.0 kB at 71 kB/s)
User Service Tests	Ensure test-utils (install if missing)	2025-11-27T03:23:08.2030841Z [INFO] Downloading from central: https://repo.maven.apache.org/maven2/io/netty/netty-bom/4.1.114.Final/netty-bom-4.1.114.Final.pom
User Service Tests	Ensure test-utils (install if missing)	2025-11-27T03:23:08.2278570Z [INFO] Downloaded from central: https://repo.maven.apache.org/maven2/io/netty/netty-bom/4.1.114.Final/netty-bom-4.1.114.Final.pom (14 kB at 550 kB/s)
User Service Tests	Ensure test-utils (install if missing)	2025-11-27T03:23:08.2300488Z [INFO] Downloading from central: https://repo.maven.apache.org/maven2/org/sonatype/oss/oss-parent/7/oss-parent-7.pom
User Service Tests	Ensure test-utils (install if missing)	2025-11-27T03:23:08.2707475Z [INFO] Downloaded from central: https://repo.maven.apache.org/maven2/org/sonatype/oss/oss-parent/7/oss-parent-7.pom (4.8 kB at 118 kB/s)
User Service Tests	Ensure test-utils (install if missing)	2025-11-27T03:23:08.2737881Z [INFO] Downloading from central: https://repo.maven.apache.org/maven2/com/squareup/okhttp3/okhttp-bom/4.12.0/okhttp-bom-4.12.0.pom
User Service Tests	Ensure test-utils (install if missing)	2025-11-27T03:23:08.3062160Z [INFO] Downloaded from central: https://repo.maven.apache.org/maven2/com/squareup/okhttp3/okhttp-bom/4.12.0/okhttp-bom-4.12.0.pom (3.1 kB at 95 kB/s)
User Service Tests	Ensure test-utils (install if missing)	2025-11-27T03:23:08.3088597Z [INFO] Downloading from central: https://repo.maven.apache.org/maven2/io/opentelemetry/opentelemetry-bom/1.37.0/opentelemetry-bom-1.37.0.pom
User Service Tests	Ensure test-utils (install if missing)	2025-11-27T03:23:08.3461572Z [INFO] Downloaded from central: https://repo.maven.apache.org/maven2/io/opentelemetry/opentelemetry-bom/1.37.0/opentelemetry-bom-1.37.0.pom (5.7 kB at 154 kB/s)
User Service Tests	Ensure test-utils (install if missing)	2025-11-27T03:23:08.3484188Z [INFO] Downloading from central: https://repo.maven.apache.org/maven2/io/prometheus/prometheus-metrics-bom/1.2.1/prometheus-metrics-bom-1.2.1.pom
User Service Tests	Ensure test-utils (install if missing)	2025-11-27T03:23:08.3772491Z [INFO] Downloaded from central: https://repo.maven.apache.org/maven2/io/prometheus/prometheus-metrics-bom/1.2.1/prometheus-metrics-bom-1.2.1.pom (6.1 kB at 209 kB/s)
User Service Tests	Ensure test-utils (install if missing)	2025-11-27T03:23:08.3791085Z [INFO] Downloading from central: https://repo.maven.apache.org/maven2/io/prometheus/client_java/1.2.1/client_java-1.2.1.pom
User Service Tests	Ensure test-utils (install if missing)	2025-11-27T03:23:08.4097534Z [INFO] Downloaded from central: https://repo.maven.apache.org/maven2/io/prometheus/client_java/1.2.1/client_java-1.2.1.pom (13 kB at 428 kB/s)
User Service Tests	Ensure test-utils (install if missing)	2025-11-27T03:23:08.4124873Z [INFO] Downloading from central: https://repo.maven.apache.org/maven2/io/prometheus/simpleclient_bom/0.16.0/simpleclient_bom-0.16.0.pom
User Service Tests	Ensure test-utils (install if missing)	2025-11-27T03:23:08.4418284Z [INFO] Downloaded from central: https://repo.maven.apache.org/maven2/io/prometheus/simpleclient_bom/0.16.0/simpleclient_bom-0.16.0.pom (6.0 kB at 207 kB/s)
User Service Tests	Ensure test-utils (install if missing)	2025-11-27T03:23:08.4435832Z [INFO] Downloading from central: https://repo.maven.apache.org/maven2/io/prometheus/parent/0.16.0/parent-0.16.0.pom
User Service Tests	Ensure test-utils (install if missing)	2025-11-27T03:23:08.4740539Z [INFO] Downloaded from central: https://repo.maven.apache.org/maven2/io/prometheus/parent/0.16.0/parent-0.16.0.pom (13 kB at 417 kB/s)
User Service Tests	Ensure test-utils (install if missing)	2025-11-27T03:23:08.4775140Z [INFO] Downloading from central: https://repo.maven.apache.org/maven2/org/apache/pulsar/pulsar-bom/3.2.4/pulsar-bom-3.2.4.pom
User Service Tests	Ensure test-utils (install if missing)	2025-11-27T03:23:08.5053598Z [INFO] Downloaded from central: https://repo.maven.apache.org/maven2/org/apache/pulsar/pulsar-bom/3.2.4/pulsar-bom-3.2.4.pom (26 kB at 926 kB/s)
User Service Tests	Ensure test-utils (install if missing)	2025-11-27T03:23:08.5075827Z [INFO] Downloading from central: https://repo.maven.apache.org/maven2/org/apache/apache/29/apache-29.pom
User Service Tests	Ensure test-utils (install if missing)	2025-11-27T03:23:08.5368256Z [INFO] Downloaded from central: https://repo.maven.apache.org/maven2/org/apache/apache/29/apache-29.pom (21 kB at 715 kB/s)
User Service Tests	Ensure test-utils (install if missing)	2025-11-27T03:23:08.5402689Z [INFO] Downloading from central: https://repo.maven.apache.org/maven2/com/querydsl/querydsl-bom/5.1.0/querydsl-bom-5.1.0.pom
User Service Tests	Ensure test-utils (install if missing)	2025-11-27T03:23:08.5806958Z [INFO] Downloaded from central: https://repo.maven.apache.org/maven2/com/querydsl/querydsl-bom/5.1.0/querydsl-bom-5.1.0.pom (7.2 kB at 179 kB/s)
User Service Tests	Ensure test-utils (install if missing)	2025-11-27T03:23:08.5835670Z [INFO] Downloading from central: https://repo.maven.apache.org/maven2/io/projectreactor/reactor-bom/2023.0.11/reactor-bom-2023.0.11.pom
User Service Tests	Ensure test-utils (install if missing)	2025-11-27T03:23:08.6126700Z [INFO] Downloaded from central: https://repo.maven.apache.org/maven2/io/projectreactor/reactor-bom/2023.0.11/reactor-bom-2023.0.11.pom (4.8 kB at 165 kB/s)
User Service Tests	Ensure test-utils (install if missing)	2025-11-27T03:23:08.6158621Z [INFO] Downloading from central: https://repo.maven.apache.org/maven2/io/rest-assured/rest-assured-bom/5.4.0/rest-assured-bom-5.4.0.pom
User Service Tests	Ensure test-utils (install if missing)	2025-11-27T03:23:08.6487407Z [INFO] Downloaded from central: https://repo.maven.apache.org/maven2/io/rest-assured/rest-assured-bom/5.4.0/rest-assured-bom-5.4.0.pom (4.5 kB at 136 kB/s)
User Service Tests	Ensure test-utils (install if missing)	2025-11-27T03:23:08.6514679Z [INFO] Downloading from central: https://repo.maven.apache.org/maven2/io/rsocket/rsocket-bom/1.1.3/rsocket-bom-1.1.3.pom
User Service Tests	Ensure test-utils (install if missing)	2025-11-27T03:23:08.6823488Z [INFO] Downloaded from central: https://repo.maven.apache.org/maven2/io/rsocket/rsocket-bom/1.1.3/rsocket-bom-1.1.3.pom (2.6 kB at 85 kB/s)
User Service Tests	Ensure test-utils (install if missing)	2025-11-27T03:23:08.6852368Z [INFO] Downloading from central: https://repo.maven.apache.org/maven2/org/seleniumhq/selenium/selenium-bom/4.19.1/selenium-bom-4.19.1.pom
User Service Tests	Ensure test-utils (install if missing)	2025-11-27T03:23:08.7178986Z [INFO] Downloaded from central: https://repo.maven.apache.org/maven2/org/seleniumhq/selenium/selenium-bom/4.19.1/selenium-bom-4.19.1.pom (6.0 kB at 183 kB/s)
User Service Tests	Ensure test-utils (install if missing)	2025-11-27T03:23:08.7206045Z [INFO] Downloading from central: https://repo.maven.apache.org/maven2/org/springframework/amqp/spring-amqp-bom/3.1.7/spring-amqp-bom-3.1.7.pom
User Service Tests	Ensure test-utils (install if missing)	2025-11-27T03:23:08.7527732Z [INFO] Downloaded from central: https://repo.maven.apache.org/maven2/org/springframework/amqp/spring-amqp-bom/3.1.7/spring-amqp-bom-3.1.7.pom (3.9 kB at 121 kB/s)
User Service Tests	Ensure test-utils (install if missing)	2025-11-27T03:23:08.7551525Z [INFO] Downloading from central: https://repo.maven.apache.org/maven2/org/springframework/batch/spring-batch-bom/5.1.2/spring-batch-bom-5.1.2.pom
User Service Tests	Ensure test-utils (install if missing)	2025-11-27T03:23:08.7856991Z [INFO] Downloaded from central: https://repo.maven.apache.org/maven2/org/springframework/batch/spring-batch-bom/5.1.2/spring-batch-bom-5.1.2.pom (3.2 kB at 105 kB/s)
User Service Tests	Ensure test-utils (install if missing)	2025-11-27T03:23:08.7882960Z [INFO] Downloading from central: https://repo.maven.apache.org/maven2/org/springframework/data/spring-data-bom/2024.0.5/spring-data-bom-2024.0.5.pom
User Service Tests	Ensure test-utils (install if missing)	2025-11-27T03:23:08.8141393Z [INFO] Downloaded from central: https://repo.maven.apache.org/maven2/org/springframework/data/spring-data-bom/2024.0.5/spring-data-bom-2024.0.5.pom (5.5 kB at 220 kB/s)
User Service Tests	Ensure test-utils (install if missing)	2025-11-27T03:23:08.8164563Z [INFO] Downloading from central: https://repo.maven.apache.org/maven2/org/springframework/spring-framework-bom/6.1.14/spring-framework-bom-6.1.14.pom
User Service Tests	Ensure test-utils (install if missing)	2025-11-27T03:23:08.8461183Z [INFO] Downloaded from central: https://repo.maven.apache.org/maven2/org/springframework/spring-framework-bom/6.1.14/spring-framework-bom-6.1.14.pom (5.8 kB at 201 kB/s)
User Service Tests	Ensure test-utils (install if missing)	2025-11-27T03:23:08.8488364Z [INFO] Downloading from central: https://repo.maven.apache.org/maven2/org/springframework/integration/spring-integration-bom/6.3.5/spring-integration-bom-6.3.5.pom
User Service Tests	Ensure test-utils (install if missing)	2025-11-27T03:23:08.8741624Z [INFO] Downloaded from central: https://repo.maven.apache.org/maven2/org/springframework/integration/spring-integration-bom/6.3.5/spring-integration-bom-6.3.5.pom (10 kB at 411 kB/s)
User Service Tests	Ensure test-utils (install if missing)	2025-11-27T03:23:08.8767314Z [INFO] Downloading from central: https://repo.maven.apache.org/maven2/org/springframework/pulsar/spring-pulsar-bom/1.1.5/spring-pulsar-bom-1.1.5.pom
User Service Tests	Ensure test-utils (install if missing)	2025-11-27T03:23:08.9136759Z [INFO] Downloaded from central: https://repo.maven.apache.org/maven2/org/springframework/pulsar/spring-pulsar-bom/1.1.5/spring-pulsar-bom-1.1.5.pom (2.9 kB at 79 kB/s)
User Service Tests	Ensure test-utils (install if missing)	2025-11-27T03:23:08.9158167Z [INFO] Downloading from central: https://repo.maven.apache.org/maven2/org/springframework/restdocs/spring-restdocs-bom/3.0.2/spring-restdocs-bom-3.0.2.pom
User Service Tests	Ensure test-utils (install if missing)	2025-11-27T03:23:08.9466076Z [INFO] Downloaded from central: https://repo.maven.apache.org/maven2/org/springframework/restdocs/spring-restdocs-bom/3.0.2/spring-restdocs-bom-3.0.2.pom (2.6 kB at 83 kB/s)
User Service Tests	Ensure test-utils (install if missing)	2025-11-27T03:23:08.9492804Z [INFO] Downloading from central: https://repo.maven.apache.org/maven2/org/springframework/security/spring-security-bom/6.3.4/spring-security-bom-6.3.4.pom
User Service Tests	Ensure test-utils (install if missing)	2025-11-27T03:23:08.9822970Z [INFO] Downloaded from central: https://repo.maven.apache.org/maven2/org/springframework/security/spring-security-bom/6.3.4/spring-security-bom-6.3.4.pom (5.3 kB at 162 kB/s)
User Service Tests	Ensure test-utils (install if missing)	2025-11-27T03:23:08.9845249Z [INFO] Downloading from central: https://repo.maven.apache.org/maven2/org/springframework/session/spring-session-bom/3.3.3/spring-session-bom-3.3.3.pom
User Service Tests	Ensure test-utils (install if missing)	2025-11-27T03:23:09.0163508Z [INFO] Downloaded from central: https://repo.maven.apache.org/maven2/org/springframework/session/spring-session-bom/3.3.3/spring-session-bom-3.3.3.pom (2.9 kB at 90 kB/s)
User Service Tests	Ensure test-utils (install if missing)	2025-11-27T03:23:09.0184907Z [INFO] Downloading from central: https://repo.maven.apache.org/maven2/org/springframework/ws/spring-ws-bom/4.0.11/spring-ws-bom-4.0.11.pom
User Service Tests	Ensure test-utils (install if missing)	2025-11-27T03:23:09.0455483Z [INFO] Downloaded from central: https://repo.maven.apache.org/maven2/org/springframework/ws/spring-ws-bom/4.0.11/spring-ws-bom-4.0.11.pom (3.5 kB at 130 kB/s)
User Service Tests	Ensure test-utils (install if missing)	2025-11-27T03:23:09.0476230Z [INFO] Downloading from central: https://repo.maven.apache.org/maven2/org/testcontainers/testcontainers-bom/1.19.8/testcontainers-bom-1.19.8.pom
User Service Tests	Ensure test-utils (install if missing)	2025-11-27T03:23:09.1000509Z [INFO] Downloaded from central: https://repo.maven.apache.org/maven2/org/testcontainers/testcontainers-bom/1.19.8/testcontainers-bom-1.19.8.pom (10 kB at 200 kB/s)
User Service Tests	Ensure test-utils (install if missing)	2025-11-27T03:23:09.1271029Z [INFO] 
User Service Tests	Ensure test-utils (install if missing)	2025-11-27T03:23:09.1272002Z [INFO] --------------------< org.kunlecreates:test-utils >---------------------
User Service Tests	Ensure test-utils (install if missing)	2025-11-27T03:23:09.1275327Z [INFO] Building Test Utilities (shared test resources) 0.1.0
User Service Tests	Ensure test-utils (install if missing)	2025-11-27T03:23:09.1275847Z [INFO]   from pom.xml
User Service Tests	Ensure test-utils (install if missing)	2025-11-27T03:23:09.1276748Z [INFO] --------------------------------[ jar ]---------------------------------
User Service Tests	Ensure test-utils (install if missing)	2025-11-27T03:23:09.1299306Z [INFO] Downloading from central: https://repo.maven.apache.org/maven2/org/apache/maven/plugins/maven-resources-plugin/3.3.1/maven-resources-plugin-3.3.1.pom
User Service Tests	Ensure test-utils (install if missing)	2025-11-27T03:23:09.2461101Z [INFO] Downloaded from central: https://repo.maven.apache.org/maven2/org/apache/maven/plugins/maven-resources-plugin/3.3.1/maven-resources-plugin-3.3.1.pom (8.2 kB at 70 kB/s)
User Service Tests	Ensure test-utils (install if missing)	2025-11-27T03:23:09.2509755Z [INFO] Downloading from central: https://repo.maven.apache.org/maven2/org/apache/maven/plugins/maven-plugins/39/maven-plugins-39.pom
User Service Tests	Ensure test-utils (install if missing)	2025-11-27T03:23:09.2803593Z [INFO] Downloaded from central: https://repo.maven.apache.org/maven2/org/apache/maven/plugins/maven-plugins/39/maven-plugins-39.pom (8.1 kB at 270 kB/s)
User Service Tests	Ensure test-utils (install if missing)	2025-11-27T03:23:09.2829304Z [INFO] Downloading from central: https://repo.maven.apache.org/maven2/org/apache/maven/maven-parent/39/maven-parent-39.pom
User Service Tests	Ensure test-utils (install if missing)	2025-11-27T03:23:09.3108461Z [INFO] Downloaded from central: https://repo.maven.apache.org/maven2/org/apache/maven/maven-parent/39/maven-parent-39.pom (48 kB at 1.7 MB/s)
User Service Tests	Ensure test-utils (install if missing)	2025-11-27T03:23:09.3245264Z [INFO] Downloading from central: https://repo.maven.apache.org/maven2/org/apache/maven/plugins/maven-resources-plugin/3.3.1/maven-resources-plugin-3.3.1.jar
User Service Tests	Ensure test-utils (install if missing)	2025-11-27T03:23:09.3566225Z [INFO] Downloaded from central: https://repo.maven.apache.org/maven2/org/apache/maven/plugins/maven-resources-plugin/3.3.1/maven-resources-plugin-3.3.1.jar (31 kB at 967 kB/s)
User Service Tests	Ensure test-utils (install if missing)	2025-11-27T03:23:09.3662766Z [INFO] Downloading from central: https://repo.maven.apache.org/maven2/org/apache/maven/plugins/maven-compiler-plugin/3.13.0/maven-compiler-plugin-3.13.0.pom
User Service Tests	Ensure test-utils (install if missing)	2025-11-27T03:23:09.3973389Z [INFO] Downloaded from central: https://repo.maven.apache.org/maven2/org/apache/maven/plugins/maven-compiler-plugin/3.13.0/maven-compiler-plugin-3.13.0.pom (10 kB at 337 kB/s)
User Service Tests	Ensure test-utils (install if missing)	2025-11-27T03:23:09.4001813Z [INFO] Downloading from central: https://repo.maven.apache.org/maven2/org/apache/maven/plugins/maven-plugins/41/maven-plugins-41.pom
User Service Tests	Ensure test-utils (install if missing)	2025-11-27T03:23:09.4312955Z [INFO] Downloaded from central: https://repo.maven.apache.org/maven2/org/apache/maven/plugins/maven-plugins/41/maven-plugins-41.pom (7.4 kB at 230 kB/s)
User Service Tests	Ensure test-utils (install if missing)	2025-11-27T03:23:09.4336784Z [INFO] Downloading from central: https://repo.maven.apache.org/maven2/org/apache/maven/maven-parent/41/maven-parent-41.pom
User Service Tests	Ensure test-utils (install if missing)	2025-11-27T03:23:09.4646170Z [INFO] Downloaded from central: https://repo.maven.apache.org/maven2/org/apache/maven/maven-parent/41/maven-parent-41.pom (50 kB at 1.6 MB/s)
User Service Tests	Ensure test-utils (install if missing)	2025-11-27T03:23:09.4711715Z [INFO] Downloading from central: https://repo.maven.apache.org/maven2/org/apache/maven/plugins/maven-compiler-plugin/3.13.0/maven-compiler-plugin-3.13.0.jar
User Service Tests	Ensure test-utils (install if missing)	2025-11-27T03:23:09.5044680Z [INFO] Downloaded from central: https://repo.maven.apache.org/maven2/org/apache/maven/plugins/maven-compiler-plugin/3.13.0/maven-compiler-plugin-3.13.0.jar (83 kB at 2.4 MB/s)
User Service Tests	Ensure test-utils (install if missing)	2025-11-27T03:23:09.5110266Z [INFO] Downloading from central: https://repo.maven.apache.org/maven2/org/apache/maven/plugins/maven-surefire-plugin/3.2.5/maven-surefire-plugin-3.2.5.pom
User Service Tests	Ensure test-utils (install if missing)	2025-11-27T03:23:09.5462405Z [INFO] Downloaded from central: https://repo.maven.apache.org/maven2/org/apache/maven/plugins/maven-surefire-plugin/3.2.5/maven-surefire-plugin-3.2.5.pom (5.3 kB at 152 kB/s)
User Service Tests	Ensure test-utils (install if missing)	2025-11-27T03:23:09.5488286Z [INFO] Downloading from central: https://repo.maven.apache.org/maven2/org/apache/maven/surefire/surefire/3.2.5/surefire-3.2.5.pom
User Service Tests	Ensure test-utils (install if missing)	2025-11-27T03:23:09.5843187Z [INFO] Downloaded from central: https://repo.maven.apache.org/maven2/org/apache/maven/surefire/surefire/3.2.5/surefire-3.2.5.pom (22 kB at 610 kB/s)
User Service Tests	Ensure test-utils (install if missing)	2025-11-27T03:23:09.5911931Z [INFO] Downloading from central: https://repo.maven.apache.org/maven2/org/junit/junit-bom/5.9.3/junit-bom-5.9.3.pom
User Service Tests	Ensure test-utils (install if missing)	2025-11-27T03:23:09.6165342Z [INFO] Downloaded from central: https://repo.maven.apache.org/maven2/org/junit/junit-bom/5.9.3/junit-bom-5.9.3.pom (5.6 kB at 217 kB/s)
User Service Tests	Ensure test-utils (install if missing)	2025-11-27T03:23:09.6198154Z [INFO] Downloading from central: https://repo.maven.apache.org/maven2/org/apache/maven/plugins/maven-surefire-plugin/3.2.5/maven-surefire-plugin-3.2.5.jar
User Service Tests	Ensure test-utils (install if missing)	2025-11-27T03:23:09.6555734Z [INFO] Downloaded from central: https://repo.maven.apache.org/maven2/org/apache/maven/plugins/maven-surefire-plugin/3.2.5/maven-surefire-plugin-3.2.5.jar (45 kB at 1.2 MB/s)
User Service Tests	Ensure test-utils (install if missing)	2025-11-27T03:23:09.6603262Z [INFO] Downloading from central: https://repo.maven.apache.org/maven2/org/apache/maven/plugins/maven-jar-plugin/3.4.2/maven-jar-plugin-3.4.2.pom
User Service Tests	Ensure test-utils (install if missing)	2025-11-27T03:23:09.6891792Z [INFO] Downloaded from central: https://repo.maven.apache.org/maven2/org/apache/maven/plugins/maven-jar-plugin/3.4.2/maven-jar-plugin-3.4.2.pom (7.7 kB at 274 kB/s)
User Service Tests	Ensure test-utils (install if missing)	2025-11-27T03:23:09.6918452Z [INFO] Downloading from central: https://repo.maven.apache.org/maven2/org/apache/maven/plugins/maven-plugins/42/maven-plugins-42.pom
User Service Tests	Ensure test-utils (install if missing)	2025-11-27T03:23:09.7247483Z [INFO] Downloaded from central: https://repo.maven.apache.org/maven2/org/apache/maven/plugins/maven-plugins/42/maven-plugins-42.pom (7.7 kB at 233 kB/s)
User Service Tests	Ensure test-utils (install if missing)	2025-11-27T03:23:09.7269472Z [INFO] Downloading from central: https://repo.maven.apache.org/maven2/org/apache/maven/maven-parent/42/maven-parent-42.pom
User Service Tests	Ensure test-utils (install if missing)	2025-11-27T03:23:09.7745299Z [INFO] Downloaded from central: https://repo.maven.apache.org/maven2/org/apache/maven/maven-parent/42/maven-parent-42.pom (50 kB at 1.1 MB/s)
User Service Tests	Ensure test-utils (install if missing)	2025-11-27T03:23:09.7780112Z [INFO] Downloading from central: https://repo.maven.apache.org/maven2/org/apache/apache/32/apache-32.pom
User Service Tests	Ensure test-utils (install if missing)	2025-11-27T03:23:09.8056182Z [INFO] Downloaded from central: https://repo.maven.apache.org/maven2/org/apache/apache/32/apache-32.pom (24 kB at 864 kB/s)
User Service Tests	Ensure test-utils (install if missing)	2025-11-27T03:23:09.8100248Z [INFO] Downloading from central: https://repo.maven.apache.org/maven2/org/junit/junit-bom/5.10.2/junit-bom-5.10.2.pom
User Service Tests	Ensure test-utils (install if missing)	2025-11-27T03:23:09.8462315Z [INFO] Downloaded from central: https://repo.maven.apache.org/maven2/org/junit/junit-bom/5.10.2/junit-bom-5.10.2.pom (5.6 kB at 153 kB/s)
User Service Tests	Ensure test-utils (install if missing)	2025-11-27T03:23:09.8496986Z [INFO] Downloading from central: https://repo.maven.apache.org/maven2/org/apache/maven/plugins/maven-jar-plugin/3.4.2/maven-jar-plugin-3.4.2.jar
User Service Tests	Ensure test-utils (install if missing)	2025-11-27T03:23:09.8786687Z [INFO] Downloaded from central: https://repo.maven.apache.org/maven2/org/apache/maven/plugins/maven-jar-plugin/3.4.2/maven-jar-plugin-3.4.2.jar (34 kB at 1.2 MB/s)
User Service Tests	Ensure test-utils (install if missing)	2025-11-27T03:23:09.8816809Z [INFO] Downloading from central: https://repo.maven.apache.org/maven2/org/apache/maven/plugins/maven-install-plugin/3.1.3/maven-install-plugin-3.1.3.pom
User Service Tests	Ensure test-utils (install if missing)	2025-11-27T03:23:09.9113782Z [INFO] Downloaded from central: https://repo.maven.apache.org/maven2/org/apache/maven/plugins/maven-install-plugin/3.1.3/maven-install-plugin-3.1.3.pom (8.1 kB at 270 kB/s)
User Service Tests	Ensure test-utils (install if missing)	2025-11-27T03:23:09.9140768Z [INFO] Downloading from central: https://repo.maven.apache.org/maven2/org/apache/maven/plugins/maven-plugins/43/maven-plugins-43.pom
User Service Tests	Ensure test-utils (install if missing)	2025-11-27T03:23:09.9472969Z [INFO] Downloaded from central: https://repo.maven.apache.org/maven2/org/apache/maven/plugins/maven-plugins/43/maven-plugins-43.pom (7.5 kB at 220 kB/s)
User Service Tests	Ensure test-utils (install if missing)	2025-11-27T03:23:09.9500390Z [INFO] Downloading from central: https://repo.maven.apache.org/maven2/org/apache/maven/maven-parent/43/maven-parent-43.pom
User Service Tests	Ensure test-utils (install if missing)	2025-11-27T03:23:09.9786282Z [INFO] Downloaded from central: https://repo.maven.apache.org/maven2/org/apache/maven/maven-parent/43/maven-parent-43.pom (50 kB at 1.7 MB/s)
User Service Tests	Ensure test-utils (install if missing)	2025-11-27T03:23:09.9818629Z [INFO] Downloading from central: https://repo.maven.apache.org/maven2/org/apache/apache/33/apache-33.pom
User Service Tests	Ensure test-utils (install if missing)	2025-11-27T03:23:10.0393645Z [INFO] Downloaded from central: https://repo.maven.apache.org/maven2/org/apache/apache/33/apache-33.pom (24 kB at 417 kB/s)
User Service Tests	Ensure test-utils (install if missing)	2025-11-27T03:23:10.0445878Z [INFO] Downloading from central: https://repo.maven.apache.org/maven2/org/junit/junit-bom/5.10.3/junit-bom-5.10.3.pom
User Service Tests	Ensure test-utils (install if missing)	2025-11-27T03:23:10.0855862Z [INFO] Downloaded from central: https://repo.maven.apache.org/maven2/org/junit/junit-bom/5.10.3/junit-bom-5.10.3.pom (5.6 kB at 134 kB/s)
User Service Tests	Ensure test-utils (install if missing)	2025-11-27T03:23:10.0885017Z [INFO] Downloading from central: https://repo.maven.apache.org/maven2/org/apache/maven/plugins/maven-install-plugin/3.1.3/maven-install-plugin-3.1.3.jar
User Service Tests	Ensure test-utils (install if missing)	2025-11-27T03:23:10.1297915Z [INFO] Downloaded from central: https://repo.maven.apache.org/maven2/org/apache/maven/plugins/maven-install-plugin/3.1.3/maven-install-plugin-3.1.3.jar (33 kB at 798 kB/s)
User Service Tests	Ensure test-utils (install if missing)	2025-11-27T03:23:10.1502922Z [INFO] Downloading from central: https://repo.maven.apache.org/maven2/org/slf4j/slf4j-api/2.0.9/slf4j-api-2.0.9.pom
User Service Tests	Ensure test-utils (install if missing)	2025-11-27T03:23:10.1832218Z [INFO] Downloaded from central: https://repo.maven.apache.org/maven2/org/slf4j/slf4j-api/2.0.9/slf4j-api-2.0.9.pom (2.8 kB at 83 kB/s)
User Service Tests	Ensure test-utils (install if missing)	2025-11-27T03:23:10.1856097Z [INFO] Downloading from central: https://repo.maven.apache.org/maven2/org/slf4j/slf4j-parent/2.0.9/slf4j-parent-2.0.9.pom
User Service Tests	Ensure test-utils (install if missing)	2025-11-27T03:23:10.2160635Z [INFO] Downloaded from central: https://repo.maven.apache.org/maven2/org/slf4j/slf4j-parent/2.0.9/slf4j-parent-2.0.9.pom (16 kB at 517 kB/s)
User Service Tests	Ensure test-utils (install if missing)	2025-11-27T03:23:10.2183237Z [INFO] Downloading from central: https://repo.maven.apache.org/maven2/org/slf4j/slf4j-bom/2.0.9/slf4j-bom-2.0.9.pom
User Service Tests	Ensure test-utils (install if missing)	2025-11-27T03:23:10.2467253Z [INFO] Downloaded from central: https://repo.maven.apache.org/maven2/org/slf4j/slf4j-bom/2.0.9/slf4j-bom-2.0.9.pom (4.9 kB at 176 kB/s)
User Service Tests	Ensure test-utils (install if missing)	2025-11-27T03:23:10.2523768Z [INFO] Downloading from central: https://repo.maven.apache.org/maven2/org/springframework/boot/spring-boot-test/3.3.5/spring-boot-test-3.3.5.pom
User Service Tests	Ensure test-utils (install if missing)	2025-11-27T03:23:10.2861807Z [INFO] Downloaded from central: https://repo.maven.apache.org/maven2/org/springframework/boot/spring-boot-test/3.3.5/spring-boot-test-3.3.5.pom (2.2 kB at 67 kB/s)
User Service Tests	Ensure test-utils (install if missing)	2025-11-27T03:23:10.2896318Z [INFO] Downloading from central: https://repo.maven.apache.org/maven2/org/springframework/boot/spring-boot/3.3.5/spring-boot-3.3.5.pom
User Service Tests	Ensure test-utils (install if missing)	2025-11-27T03:23:10.3160337Z [INFO] Downloaded from central: https://repo.maven.apache.org/maven2/org/springframework/boot/spring-boot/3.3.5/spring-boot-3.3.5.pom (2.2 kB at 84 kB/s)
User Service Tests	Ensure test-utils (install if missing)	2025-11-27T03:23:10.3184702Z [INFO] Downloading from central: https://repo.maven.apache.org/maven2/org/springframework/spring-core/6.1.14/spring-core-6.1.14.pom
User Service Tests	Ensure test-utils (install if missing)	2025-11-27T03:23:10.3509093Z [INFO] Downloaded from central: https://repo.maven.apache.org/maven2/org/springframework/spring-core/6.1.14/spring-core-6.1.14.pom (2.0 kB at 63 kB/s)
User Service Tests	Ensure test-utils (install if missing)	2025-11-27T03:23:10.3529945Z [INFO] Downloading from central: https://repo.maven.apache.org/maven2/org/springframework/spring-jcl/6.1.14/spring-jcl-6.1.14.pom
User Service Tests	Ensure test-utils (install if missing)	2025-11-27T03:23:10.3955358Z [INFO] Downloaded from central: https://repo.maven.apache.org/maven2/org/springframework/spring-jcl/6.1.14/spring-jcl-6.1.14.pom (1.8 kB at 43 kB/s)
User Service Tests	Ensure test-utils (install if missing)	2025-11-27T03:23:10.3978051Z [INFO] Downloading from central: https://repo.maven.apache.org/maven2/org/springframework/spring-context/6.1.14/spring-context-6.1.14.pom
User Service Tests	Ensure test-utils (install if missing)	2025-11-27T03:23:10.4285015Z [INFO] Downloaded from central: https://repo.maven.apache.org/maven2/org/springframework/spring-context/6.1.14/spring-context-6.1.14.pom (2.8 kB at 90 kB/s)
User Service Tests	Ensure test-utils (install if missing)	2025-11-27T03:23:10.4305382Z [INFO] Downloading from central: https://repo.maven.apache.org/maven2/org/springframework/spring-aop/6.1.14/spring-aop-6.1.14.pom
User Service Tests	Ensure test-utils (install if missing)	2025-11-27T03:23:10.4650349Z [INFO] Downloaded from central: https://repo.maven.apache.org/maven2/org/springframework/spring-aop/6.1.14/spring-aop-6.1.14.pom (2.2 kB at 65 kB/s)
User Service Tests	Ensure test-utils (install if missing)	2025-11-27T03:23:10.4673040Z [INFO] Downloading from central: https://repo.maven.apache.org/maven2/org/springframework/spring-beans/6.1.14/spring-beans-6.1.14.pom
User Service Tests	Ensure test-utils (install if missing)	2025-11-27T03:23:10.4989819Z [INFO] Downloaded from central: https://repo.maven.apache.org/maven2/org/springframework/spring-beans/6.1.14/spring-beans-6.1.14.pom (2.0 kB at 65 kB/s)
User Service Tests	Ensure test-utils (install if missing)	2025-11-27T03:23:10.5014312Z [INFO] Downloading from central: https://repo.maven.apache.org/maven2/org/springframework/spring-expression/6.1.14/spring-expression-6.1.14.pom
User Service Tests	Ensure test-utils (install if missing)	2025-11-27T03:23:10.5334189Z [INFO] Downloaded from central: https://repo.maven.apache.org/maven2/org/springframework/spring-expression/6.1.14/spring-expression-6.1.14.pom (2.1 kB at 65 kB/s)
User Service Tests	Ensure test-utils (install if missing)	2025-11-27T03:23:10.5358510Z [INFO] Downloading from central: https://repo.maven.apache.org/maven2/io/micrometer/micrometer-observation/1.13.6/micrometer-observation-1.13.6.pom
User Service Tests	Ensure test-utils (install if missing)	2025-11-27T03:23:10.5670041Z [INFO] Downloaded from central: https://repo.maven.apache.org/maven2/io/micrometer/micrometer-observation/1.13.6/micrometer-observation-1.13.6.pom (3.8 kB at 124 kB/s)
User Service Tests	Ensure test-utils (install if missing)	2025-11-27T03:23:10.5691985Z [INFO] Downloading from central: https://repo.maven.apache.org/maven2/io/micrometer/micrometer-commons/1.13.6/micrometer-commons-1.13.6.pom
User Service Tests	Ensure test-utils (install if missing)	2025-11-27T03:23:10.6109361Z [INFO] Downloaded from central: https://repo.maven.apache.org/maven2/io/micrometer/micrometer-commons/1.13.6/micrometer-commons-1.13.6.pom (3.4 kB at 81 kB/s)
User Service Tests	Ensure test-utils (install if missing)	2025-11-27T03:23:10.6131758Z [INFO] Downloading from central: https://repo.maven.apache.org/maven2/org/springframework/spring-test/6.1.14/spring-test-6.1.14.pom
User Service Tests	Ensure test-utils (install if missing)	2025-11-27T03:23:10.6434052Z [INFO] Downloaded from central: https://repo.maven.apache.org/maven2/org/springframework/spring-test/6.1.14/spring-test-6.1.14.pom (2.1 kB at 66 kB/s)
User Service Tests	Ensure test-utils (install if missing)	2025-11-27T03:23:10.6498842Z [INFO] Downloading from central: https://repo.maven.apache.org/maven2/org/springframework/boot/spring-boot-autoconfigure/3.3.5/spring-boot-autoconfigure-3.3.5.pom
User Service Tests	Ensure test-utils (install if missing)	2025-11-27T03:23:10.6794789Z [INFO] Downloaded from central: https://repo.maven.apache.org/maven2/org/springframework/boot/spring-boot-autoconfigure/3.3.5/spring-boot-autoconfigure-3.3.5.pom (2.1 kB at 69 kB/s)
User Service Tests	Ensure test-utils (install if missing)	2025-11-27T03:23:10.6829987Z [INFO] Downloading from central: https://repo.maven.apache.org/maven2/org/flywaydb/flyway-core/11.17.1/flyway-core-11.17.1.pom
User Service Tests	Ensure test-utils (install if missing)	2025-11-27T03:23:10.7283024Z [INFO] Downloaded from central: https://repo.maven.apache.org/maven2/org/flywaydb/flyway-core/11.17.1/flyway-core-11.17.1.pom (4.8 kB at 104 kB/s)
User Service Tests	Ensure test-utils (install if missing)	2025-11-27T03:23:10.7304236Z [INFO] Downloading from central: https://repo.maven.apache.org/maven2/org/flywaydb/flyway-parent/11.17.1/flyway-parent-11.17.1.pom
User Service Tests	Ensure test-utils (install if missing)	2025-11-27T03:23:10.7596524Z [INFO] Downloaded from central: https://repo.maven.apache.org/maven2/org/flywaydb/flyway-parent/11.17.1/flyway-parent-11.17.1.pom (34 kB at 1.2 MB/s)
User Service Tests	Ensure test-utils (install if missing)	2025-11-27T03:23:10.7627805Z [INFO] Downloading from central: https://repo.maven.apache.org/maven2/io/netty/netty-bom/4.2.7.Final/netty-bom-4.2.7.Final.pom
User Service Tests	Ensure test-utils (install if missing)	2025-11-27T03:23:10.7880521Z [INFO] Downloaded from central: https://repo.maven.apache.org/maven2/io/netty/netty-bom/4.2.7.Final/netty-bom-4.2.7.Final.pom (18 kB at 731 kB/s)
User Service Tests	Ensure test-utils (install if missing)	2025-11-27T03:23:10.7929224Z [INFO] Downloading from central: https://repo.maven.apache.org/maven2/com/fasterxml/jackson/core/jackson-databind/2.17.2/jackson-databind-2.17.2.pom
User Service Tests	Ensure test-utils (install if missing)	2025-11-27T03:23:10.8231966Z [INFO] Downloaded from central: https://repo.maven.apache.org/maven2/com/fasterxml/jackson/core/jackson-databind/2.17.2/jackson-databind-2.17.2.pom (21 kB at 686 kB/s)
User Service Tests	Ensure test-utils (install if missing)	2025-11-27T03:23:10.8261513Z [INFO] Downloading from central: https://repo.maven.apache.org/maven2/com/fasterxml/jackson/jackson-base/2.17.2/jackson-base-2.17.2.pom
User Service Tests	Ensure test-utils (install if missing)	2025-11-27T03:23:10.8507349Z [INFO] Downloaded from central: https://repo.maven.apache.org/maven2/com/fasterxml/jackson/jackson-base/2.17.2/jackson-base-2.17.2.pom (12 kB at 471 kB/s)
User Service Tests	Ensure test-utils (install if missing)	2025-11-27T03:23:10.8574987Z [INFO] Downloading from central: https://repo.maven.apache.org/maven2/com/fasterxml/jackson/core/jackson-annotations/2.17.2/jackson-annotations-2.17.2.pom
User Service Tests	Ensure test-utils (install if missing)	2025-11-27T03:23:10.8893610Z [INFO] Downloaded from central: https://repo.maven.apache.org/maven2/com/fasterxml/jackson/core/jackson-annotations/2.17.2/jackson-annotations-2.17.2.pom (7.1 kB at 221 kB/s)
User Service Tests	Ensure test-utils (install if missing)	2025-11-27T03:23:10.8929919Z [INFO] Downloading from central: https://repo.maven.apache.org/maven2/com/fasterxml/jackson/core/jackson-core/2.17.2/jackson-core-2.17.2.pom
User Service Tests	Ensure test-utils (install if missing)	2025-11-27T03:23:10.9207440Z [INFO] Downloaded from central: https://repo.maven.apache.org/maven2/com/fasterxml/jackson/core/jackson-core/2.17.2/jackson-core-2.17.2.pom (9.6 kB at 344 kB/s)
User Service Tests	Ensure test-utils (install if missing)	2025-11-27T03:23:10.9254735Z [INFO] Downloading from central: https://repo.maven.apache.org/maven2/org/flywaydb/flyway-database-postgresql/11.17.1/flyway-database-postgresql-11.17.1.pom
User Service Tests	Ensure test-utils (install if missing)	2025-11-27T03:23:10.9546668Z [INFO] Downloaded from central: https://repo.maven.apache.org/maven2/org/flywaydb/flyway-database-postgresql/11.17.1/flyway-database-postgresql-11.17.1.pom (1.9 kB at 65 kB/s)
User Service Tests	Ensure test-utils (install if missing)	2025-11-27T03:23:10.9596546Z [INFO] Downloading from central: https://repo.maven.apache.org/maven2/org/flywaydb/flyway-core/10.10.0/flyway-core-10.10.0.pom
User Service Tests	Ensure test-utils (install if missing)	2025-11-27T03:23:11.0002275Z [INFO] Downloaded from central: https://repo.maven.apache.org/maven2/org/flywaydb/flyway-core/10.10.0/flyway-core-10.10.0.pom (6.2 kB at 152 kB/s)
User Service Tests	Ensure test-utils (install if missing)	2025-11-27T03:23:11.0019232Z [INFO] Downloading from central: https://repo.maven.apache.org/maven2/org/flywaydb/flyway-parent/10.10.0/flyway-parent-10.10.0.pom
User Service Tests	Ensure test-utils (install if missing)	2025-11-27T03:23:11.0323838Z [INFO] Downloaded from central: https://repo.maven.apache.org/maven2/org/flywaydb/flyway-parent/10.10.0/flyway-parent-10.10.0.pom (33 kB at 1.1 MB/s)
User Service Tests	Ensure test-utils (install if missing)	2025-11-27T03:23:11.0362100Z [INFO] Downloading from central: https://repo.maven.apache.org/maven2/com/fasterxml/jackson/dataformat/jackson-dataformat-toml/2.17.2/jackson-dataformat-toml-2.17.2.pom
User Service Tests	Ensure test-utils (install if missing)	2025-11-27T03:23:11.0674801Z [INFO] Downloaded from central: https://repo.maven.apache.org/maven2/com/fasterxml/jackson/dataformat/jackson-dataformat-toml/2.17.2/jackson-dataformat-toml-2.17.2.pom (3.5 kB at 112 kB/s)
User Service Tests	Ensure test-utils (install if missing)	2025-11-27T03:23:11.0697833Z [INFO] Downloading from central: https://repo.maven.apache.org/maven2/com/fasterxml/jackson/dataformat/jackson-dataformats-text/2.17.2/jackson-dataformats-text-2.17.2.pom
User Service Tests	Ensure test-utils (install if missing)	2025-11-27T03:23:11.1046500Z [INFO] Downloaded from central: https://repo.maven.apache.org/maven2/com/fasterxml/jackson/dataformat/jackson-dataformats-text/2.17.2/jackson-dataformats-text-2.17.2.pom (3.5 kB at 99 kB/s)
User Service Tests	Ensure test-utils (install if missing)	2025-11-27T03:23:11.1105551Z [INFO] Downloading from central: https://repo.maven.apache.org/maven2/com/google/code/gson/gson/2.10.1/gson-2.10.1.pom
User Service Tests	Ensure test-utils (install if missing)	2025-11-27T03:23:11.1604312Z [INFO] Downloaded from central: https://repo.maven.apache.org/maven2/com/google/code/gson/gson/2.10.1/gson-2.10.1.pom (9.4 kB at 187 kB/s)
User Service Tests	Ensure test-utils (install if missing)	2025-11-27T03:23:11.1632670Z [INFO] Downloading from central: https://repo.maven.apache.org/maven2/com/google/code/gson/gson-parent/2.10.1/gson-parent-2.10.1.pom
User Service Tests	Ensure test-utils (install if missing)	2025-11-27T03:23:11.1959672Z [INFO] Downloaded from central: https://repo.maven.apache.org/maven2/com/google/code/gson/gson-parent/2.10.1/gson-parent-2.10.1.pom (13 kB at 391 kB/s)
User Service Tests	Ensure test-utils (install if missing)	2025-11-27T03:23:11.2134168Z [INFO] Downloading from central: https://repo.maven.apache.org/maven2/org/slf4j/slf4j-api/2.0.9/slf4j-api-2.0.9.jar
User Service Tests	Ensure test-utils (install if missing)	2025-11-27T03:23:11.2488474Z [INFO] Downloaded from central: https://repo.maven.apache.org/maven2/org/slf4j/slf4j-api/2.0.9/slf4j-api-2.0.9.jar (65 kB at 1.8 MB/s)
User Service Tests	Ensure test-utils (install if missing)	2025-11-27T03:23:11.2497294Z [INFO] Downloading from central: https://repo.maven.apache.org/maven2/org/springframework/boot/spring-boot-test/3.3.5/spring-boot-test-3.3.5.jar
User Service Tests	Ensure test-utils (install if missing)	2025-11-27T03:23:11.2501799Z [INFO] Downloading from central: https://repo.maven.apache.org/maven2/org/springframework/boot/spring-boot/3.3.5/spring-boot-3.3.5.jar
User Service Tests	Ensure test-utils (install if missing)	2025-11-27T03:23:11.2504921Z [INFO] Downloading from central: https://repo.maven.apache.org/maven2/org/springframework/spring-core/6.1.14/spring-core-6.1.14.jar
User Service Tests	Ensure test-utils (install if missing)	2025-11-27T03:23:11.2519445Z [INFO] Downloading from central: https://repo.maven.apache.org/maven2/org/springframework/spring-jcl/6.1.14/spring-jcl-6.1.14.jar
User Service Tests	Ensure test-utils (install if missing)	2025-11-27T03:23:11.2521265Z [INFO] Downloading from central: https://repo.maven.apache.org/maven2/org/springframework/spring-context/6.1.14/spring-context-6.1.14.jar
User Service Tests	Ensure test-utils (install if missing)	2025-11-27T03:23:11.2910702Z [INFO] Downloaded from central: https://repo.maven.apache.org/maven2/org/springframework/boot/spring-boot-test/3.3.5/spring-boot-test-3.3.5.jar (249 kB at 5.9 MB/s)
User Service Tests	Ensure test-utils (install if missing)	2025-11-27T03:23:11.2913565Z [INFO] Downloading from central: https://repo.maven.apache.org/maven2/org/springframework/spring-aop/6.1.14/spring-aop-6.1.14.jar
User Service Tests	Ensure test-utils (install if missing)	2025-11-27T03:23:11.3157772Z [INFO] Downloaded from central: https://repo.maven.apache.org/maven2/org/springframework/spring-jcl/6.1.14/spring-jcl-6.1.14.jar (25 kB at 372 kB/s)
User Service Tests	Ensure test-utils (install if missing)	2025-11-27T03:23:11.3166148Z [INFO] Downloading from central: https://repo.maven.apache.org/maven2/org/springframework/spring-beans/6.1.14/spring-beans-6.1.14.jar
User Service Tests	Ensure test-utils (install if missing)	2025-11-27T03:23:11.3344198Z [INFO] Downloaded from central: https://repo.maven.apache.org/maven2/org/springframework/spring-aop/6.1.14/spring-aop-6.1.14.jar (417 kB at 5.0 MB/s)
User Service Tests	Ensure test-utils (install if missing)	2025-11-27T03:23:11.3354495Z [INFO] Downloading from central: https://repo.maven.apache.org/maven2/org/springframework/spring-expression/6.1.14/spring-expression-6.1.14.jar
User Service Tests	Ensure test-utils (install if missing)	2025-11-27T03:23:11.3674112Z [INFO] Downloaded from central: https://repo.maven.apache.org/maven2/org/springframework/spring-context/6.1.14/spring-context-6.1.14.jar (1.3 MB at 11 MB/s)
User Service Tests	Ensure test-utils (install if missing)	2025-11-27T03:23:11.3680235Z [INFO] Downloading from central: https://repo.maven.apache.org/maven2/io/micrometer/micrometer-observation/1.13.6/micrometer-observation-1.13.6.jar
User Service Tests	Ensure test-utils (install if missing)	2025-11-27T03:23:11.3811131Z [INFO] Downloaded from central: https://repo.maven.apache.org/maven2/org/springframework/spring-expression/6.1.14/spring-expression-6.1.14.jar (304 kB at 2.4 MB/s)
User Service Tests	Ensure test-utils (install if missing)	2025-11-27T03:23:11.3827195Z [INFO] Downloading from central: https://repo.maven.apache.org/maven2/io/micrometer/micrometer-commons/1.13.6/micrometer-commons-1.13.6.jar
User Service Tests	Ensure test-utils (install if missing)	2025-11-27T03:23:11.3829144Z [INFO] Downloaded from central: https://repo.maven.apache.org/maven2/org/springframework/boot/spring-boot/3.3.5/spring-boot-3.3.5.jar (1.6 MB at 12 MB/s)
User Service Tests	Ensure test-utils (install if missing)	2025-11-27T03:23:11.3830802Z [INFO] Downloading from central: https://repo.maven.apache.org/maven2/org/springframework/spring-test/6.1.14/spring-test-6.1.14.jar
User Service Tests	Ensure test-utils (install if missing)	2025-11-27T03:23:11.3838570Z [INFO] Downloaded from central: https://repo.maven.apache.org/maven2/org/springframework/spring-beans/6.1.14/spring-beans-6.1.14.jar (863 kB at 6.5 MB/s)
User Service Tests	Ensure test-utils (install if missing)	2025-11-27T03:23:11.3843732Z [INFO] Downloading from central: https://repo.maven.apache.org/maven2/org/springframework/boot/spring-boot-autoconfigure/3.3.5/spring-boot-autoconfigure-3.3.5.jar
User Service Tests	Ensure test-utils (install if missing)	2025-11-27T03:23:11.3845643Z [INFO] Downloaded from central: https://repo.maven.apache.org/maven2/org/springframework/spring-core/6.1.14/spring-core-6.1.14.jar (1.9 MB at 14 MB/s)
User Service Tests	Ensure test-utils (install if missing)	2025-11-27T03:23:11.3850696Z [INFO] Downloading from central: https://repo.maven.apache.org/maven2/org/flywaydb/flyway-core/11.17.1/flyway-core-11.17.1.jar
User Service Tests	Ensure test-utils (install if missing)	2025-11-27T03:23:11.4036037Z [INFO] Downloaded from central: https://repo.maven.apache.org/maven2/io/micrometer/micrometer-observation/1.13.6/micrometer-observation-1.13.6.jar (72 kB at 472 kB/s)
User Service Tests	Ensure test-utils (install if missing)	2025-11-27T03:23:11.4038288Z [INFO] Downloading from central: https://repo.maven.apache.org/maven2/com/fasterxml/jackson/core/jackson-databind/2.17.2/jackson-databind-2.17.2.jar
User Service Tests	Ensure test-utils (install if missing)	2025-11-27T03:23:11.4166292Z [INFO] Downloaded from central: https://repo.maven.apache.org/maven2/io/micrometer/micrometer-commons/1.13.6/micrometer-commons-1.13.6.jar (48 kB at 288 kB/s)
User Service Tests	Ensure test-utils (install if missing)	2025-11-27T03:23:11.4169187Z [INFO] Downloading from central: https://repo.maven.apache.org/maven2/com/fasterxml/jackson/core/jackson-annotations/2.17.2/jackson-annotations-2.17.2.jar
User Service Tests	Ensure test-utils (install if missing)	2025-11-27T03:23:11.4205817Z [INFO] Downloaded from central: https://repo.maven.apache.org/maven2/org/springframework/spring-test/6.1.14/spring-test-6.1.14.jar (857 kB at 5.1 MB/s)
User Service Tests	Ensure test-utils (install if missing)	2025-11-27T03:23:11.4210278Z [INFO] Downloading from central: https://repo.maven.apache.org/maven2/com/fasterxml/jackson/core/jackson-core/2.17.2/jackson-core-2.17.2.jar
User Service Tests	Ensure test-utils (install if missing)	2025-11-27T03:23:11.4346962Z [INFO] Downloaded from central: https://repo.maven.apache.org/maven2/org/flywaydb/flyway-core/11.17.1/flyway-core-11.17.1.jar (745 kB at 4.1 MB/s)
User Service Tests	Ensure test-utils (install if missing)	2025-11-27T03:23:11.4349663Z [INFO] Downloading from central: https://repo.maven.apache.org/maven2/org/flywaydb/flyway-database-postgresql/11.17.1/flyway-database-postgresql-11.17.1.jar
User Service Tests	Ensure test-utils (install if missing)	2025-11-27T03:23:11.4443801Z [INFO] Downloaded from central: https://repo.maven.apache.org/maven2/com/fasterxml/jackson/core/jackson-annotations/2.17.2/jackson-annotations-2.17.2.jar (78 kB at 407 kB/s)
User Service Tests	Ensure test-utils (install if missing)	2025-11-27T03:23:11.4530525Z [INFO] Downloaded from central: https://repo.maven.apache.org/maven2/org/springframework/boot/spring-boot-autoconfigure/3.3.5/spring-boot-autoconfigure-3.3.5.jar (2.0 MB at 9.9 MB/s)
User Service Tests	Ensure test-utils (install if missing)	2025-11-27T03:23:11.4593071Z [INFO] Downloaded from central: https://repo.maven.apache.org/maven2/com/fasterxml/jackson/core/jackson-core/2.17.2/jackson-core-2.17.2.jar (582 kB at 2.8 MB/s)
User Service Tests	Ensure test-utils (install if missing)	2025-11-27T03:23:11.4666437Z [INFO] Downloaded from central: https://repo.maven.apache.org/maven2/org/flywaydb/flyway-database-postgresql/11.17.1/flyway-database-postgresql-11.17.1.jar (48 kB at 223 kB/s)
User Service Tests	Ensure test-utils (install if missing)	2025-11-27T03:23:11.4684799Z [INFO] Downloaded from central: https://repo.maven.apache.org/maven2/com/fasterxml/jackson/core/jackson-databind/2.17.2/jackson-databind-2.17.2.jar (1.6 MB at 7.6 MB/s)
User Service Tests	Ensure test-utils (install if missing)	2025-11-27T03:23:11.4796028Z [INFO] 
User Service Tests	Ensure test-utils (install if missing)	2025-11-27T03:23:11.4799406Z [INFO] --- resources:3.3.1:resources (default-resources) @ test-utils ---
User Service Tests	Ensure test-utils (install if missing)	2025-11-27T03:23:11.4873706Z [INFO] Downloading from central: https://repo.maven.apache.org/maven2/org/codehaus/plexus/plexus-interpolation/1.26/plexus-interpolation-1.26.pom
User Service Tests	Ensure test-utils (install if missing)	2025-11-27T03:23:11.5232495Z [INFO] Downloaded from central: https://repo.maven.apache.org/maven2/org/codehaus/plexus/plexus-interpolation/1.26/plexus-interpolation-1.26.pom (2.7 kB at 74 kB/s)
User Service Tests	Ensure test-utils (install if missing)	2025-11-27T03:23:11.5252351Z [INFO] Downloading from central: https://repo.maven.apache.org/maven2/org/codehaus/plexus/plexus/5.1/plexus-5.1.pom
User Service Tests	Ensure test-utils (install if missing)	2025-11-27T03:23:11.5800286Z [INFO] Downloaded from central: https://repo.maven.apache.org/maven2/org/codehaus/plexus/plexus/5.1/plexus-5.1.pom (23 kB at 441 kB/s)
User Service Tests	Ensure test-utils (install if missing)	2025-11-27T03:23:11.5809925Z [INFO] Downloading from central: https://repo.maven.apache.org/maven2/org/codehaus/plexus/plexus-utils/3.5.1/plexus-utils-3.5.1.pom
User Service Tests	Ensure test-utils (install if missing)	2025-11-27T03:23:11.6110992Z [INFO] Downloaded from central: https://repo.maven.apache.org/maven2/org/codehaus/plexus/plexus-utils/3.5.1/plexus-utils-3.5.1.pom (8.8 kB at 292 kB/s)
User Service Tests	Ensure test-utils (install if missing)	2025-11-27T03:23:11.6139890Z [INFO] Downloading from central: https://repo.maven.apache.org/maven2/org/codehaus/plexus/plexus/10/plexus-10.pom
User Service Tests	Ensure test-utils (install if missing)	2025-11-27T03:23:11.6592752Z [INFO] Downloaded from central: https://repo.maven.apache.org/maven2/org/codehaus/plexus/plexus/10/plexus-10.pom (25 kB at 552 kB/s)
User Service Tests	Ensure test-utils (install if missing)	2025-11-27T03:23:11.6632038Z [INFO] Downloading from central: https://repo.maven.apache.org/maven2/org/apache/maven/shared/maven-filtering/3.3.1/maven-filtering-3.3.1.pom
User Service Tests	Ensure test-utils (install if missing)	2025-11-27T03:23:11.7017165Z [INFO] Downloaded from central: https://repo.maven.apache.org/maven2/org/apache/maven/shared/maven-filtering/3.3.1/maven-filtering-3.3.1.pom (6.0 kB at 155 kB/s)
User Service Tests	Ensure test-utils (install if missing)	2025-11-27T03:23:11.7034303Z [INFO] Downloading from central: https://repo.maven.apache.org/maven2/org/apache/maven/shared/maven-shared-components/39/maven-shared-components-39.pom
User Service Tests	Ensure test-utils (install if missing)	2025-11-27T03:23:11.7613350Z [INFO] Downloaded from central: https://repo.maven.apache.org/maven2/org/apache/maven/shared/maven-shared-components/39/maven-shared-components-39.pom (3.2 kB at 56 kB/s)
User Service Tests	Ensure test-utils (install if missing)	2025-11-27T03:23:11.7649213Z [INFO] Downloading from central: https://repo.maven.apache.org/maven2/javax/inject/javax.inject/1/javax.inject-1.pom
User Service Tests	Ensure test-utils (install if missing)	2025-11-27T03:23:11.8177768Z [INFO] Downloaded from central: https://repo.maven.apache.org/maven2/javax/inject/javax.inject/1/javax.inject-1.pom (612 B at 12 kB/s)
User Service Tests	Ensure test-utils (install if missing)	2025-11-27T03:23:11.8201167Z [INFO] Downloading from central: https://repo.maven.apache.org/maven2/org/slf4j/slf4j-api/1.7.36/slf4j-api-1.7.36.pom
User Service Tests	Ensure test-utils (install if missing)	2025-11-27T03:23:11.8570115Z [INFO] Downloaded from central: https://repo.maven.apache.org/maven2/org/slf4j/slf4j-api/1.7.36/slf4j-api-1.7.36.pom (2.7 kB at 74 kB/s)
User Service Tests	Ensure test-utils (install if missing)	2025-11-27T03:23:11.8585961Z [INFO] Downloading from central: https://repo.maven.apache.org/maven2/org/slf4j/slf4j-parent/1.7.36/slf4j-parent-1.7.36.pom
User Service Tests	Ensure test-utils (install if missing)	2025-11-27T03:23:11.8987009Z [INFO] Downloaded from central: https://repo.maven.apache.org/maven2/org/slf4j/slf4j-parent/1.7.36/slf4j-parent-1.7.36.pom (14 kB at 352 kB/s)
User Service Tests	Ensure test-utils (install if missing)	2025-11-27T03:23:11.9014704Z [INFO] Downloading from central: https://repo.maven.apache.org/maven2/org/sonatype/plexus/plexus-build-api/0.0.7/plexus-build-api-0.0.7.pom
User Service Tests	Ensure test-utils (install if missing)	2025-11-27T03:23:11.9396277Z [INFO] Downloaded from central: https://repo.maven.apache.org/maven2/org/sonatype/plexus/plexus-build-api/0.0.7/plexus-build-api-0.0.7.pom (3.2 kB at 84 kB/s)
User Service Tests	Ensure test-utils (install if missing)	2025-11-27T03:23:11.9411455Z [INFO] Downloading from central: https://repo.maven.apache.org/maven2/org/sonatype/spice/spice-parent/15/spice-parent-15.pom
User Service Tests	Ensure test-utils (install if missing)	2025-11-27T03:23:11.9855299Z [INFO] Downloaded from central: https://repo.maven.apache.org/maven2/org/sonatype/spice/spice-parent/15/spice-parent-15.pom (8.4 kB at 186 kB/s)
User Service Tests	Ensure test-utils (install if missing)	2025-11-27T03:23:11.9873884Z [INFO] Downloading from central: https://repo.maven.apache.org/maven2/org/sonatype/forge/forge-parent/5/forge-parent-5.pom
User Service Tests	Ensure test-utils (install if missing)	2025-11-27T03:23:12.0207438Z [INFO] Downloaded from central: https://repo.maven.apache.org/maven2/org/sonatype/forge/forge-parent/5/forge-parent-5.pom (8.4 kB at 253 kB/s)
User Service Tests	Ensure test-utils (install if missing)	2025-11-27T03:23:12.0235829Z [INFO] Downloading from central: https://repo.maven.apache.org/maven2/org/codehaus/plexus/plexus-utils/3.5.0/plexus-utils-3.5.0.pom
User Service Tests	Ensure test-utils (install if missing)	2025-11-27T03:23:12.0620343Z [INFO] Downloaded from central: https://repo.maven.apache.org/maven2/org/codehaus/plexus/plexus-utils/3.5.0/plexus-utils-3.5.0.pom (8.0 kB at 211 kB/s)
User Service Tests	Ensure test-utils (install if missing)	2025-11-27T03:23:12.0652848Z [INFO] Downloading from central: https://repo.maven.apache.org/maven2/commons-io/commons-io/2.11.0/commons-io-2.11.0.pom
User Service Tests	Ensure test-utils (install if missing)	2025-11-27T03:23:12.1108309Z [INFO] Downloaded from central: https://repo.maven.apache.org/maven2/commons-io/commons-io/2.11.0/commons-io-2.11.0.pom (20 kB at 438 kB/s)
User Service Tests	Ensure test-utils (install if missing)	2025-11-27T03:23:12.1133746Z [INFO] Downloading from central: https://repo.maven.apache.org/maven2/org/apache/commons/commons-parent/52/commons-parent-52.pom
User Service Tests	Ensure test-utils (install if missing)	2025-11-27T03:23:12.1983067Z [INFO] Downloaded from central: https://repo.maven.apache.org/maven2/org/apache/commons/commons-parent/52/commons-parent-52.pom (79 kB at 933 kB/s)
User Service Tests	Ensure test-utils (install if missing)	2025-11-27T03:23:12.2083515Z [INFO] Downloading from central: https://repo.maven.apache.org/maven2/org/apache/apache/23/apache-23.pom
User Service Tests	Ensure test-utils (install if missing)	2025-11-27T03:23:12.2437025Z [INFO] Downloaded from central: https://repo.maven.apache.org/maven2/org/apache/apache/23/apache-23.pom (18 kB at 526 kB/s)
User Service Tests	Ensure test-utils (install if missing)	2025-11-27T03:23:12.2478864Z [INFO] Downloading from central: https://repo.maven.apache.org/maven2/org/junit/junit-bom/5.7.2/junit-bom-5.7.2.pom
User Service Tests	Ensure test-utils (install if missing)	2025-11-27T03:23:12.2848340Z [INFO] Downloaded from central: https://repo.maven.apache.org/maven2/org/junit/junit-bom/5.7.2/junit-bom-5.7.2.pom (5.1 kB at 138 kB/s)
User Service Tests	Ensure test-utils (install if missing)	2025-11-27T03:23:12.2874489Z [INFO] Downloading from central: https://repo.maven.apache.org/maven2/org/apache/commons/commons-lang3/3.12.0/commons-lang3-3.12.0.pom
User Service Tests	Ensure test-utils (install if missing)	2025-11-27T03:23:12.3289460Z [INFO] Downloaded from central: https://repo.maven.apache.org/maven2/org/apache/commons/commons-lang3/3.12.0/commons-lang3-3.12.0.pom (31 kB at 748 kB/s)
User Service Tests	Ensure test-utils (install if missing)	2025-11-27T03:23:12.3339807Z [INFO] Downloading from central: https://repo.maven.apache.org/maven2/org/junit/junit-bom/5.7.1/junit-bom-5.7.1.pom
User Service Tests	Ensure test-utils (install if missing)	2025-11-27T03:23:12.3726947Z [INFO] Downloaded from central: https://repo.maven.apache.org/maven2/org/junit/junit-bom/5.7.1/junit-bom-5.7.1.pom (5.1 kB at 131 kB/s)
User Service Tests	Ensure test-utils (install if missing)	2025-11-27T03:23:12.3774706Z [INFO] Downloading from central: https://repo.maven.apache.org/maven2/org/codehaus/plexus/plexus-interpolation/1.26/plexus-interpolation-1.26.jar
User Service Tests	Ensure test-utils (install if missing)	2025-11-27T03:23:12.4120755Z [INFO] Downloaded from central: https://repo.maven.apache.org/maven2/org/codehaus/plexus/plexus-interpolation/1.26/plexus-interpolation-1.26.jar (85 kB at 2.5 MB/s)
User Service Tests	Ensure test-utils (install if missing)	2025-11-27T03:23:12.4123862Z [INFO] Downloading from central: https://repo.maven.apache.org/maven2/org/codehaus/plexus/plexus-utils/3.5.1/plexus-utils-3.5.1.jar
User Service Tests	Ensure test-utils (install if missing)	2025-11-27T03:23:12.4131254Z [INFO] Downloading from central: https://repo.maven.apache.org/maven2/org/apache/maven/shared/maven-filtering/3.3.1/maven-filtering-3.3.1.jar
User Service Tests	Ensure test-utils (install if missing)	2025-11-27T03:23:12.4132732Z [INFO] Downloading from central: https://repo.maven.apache.org/maven2/javax/inject/javax.inject/1/javax.inject-1.jar
User Service Tests	Ensure test-utils (install if missing)	2025-11-27T03:23:12.4133682Z [INFO] Downloading from central: https://repo.maven.apache.org/maven2/org/slf4j/slf4j-api/1.7.36/slf4j-api-1.7.36.jar
User Service Tests	Ensure test-utils (install if missing)	2025-11-27T03:23:12.4138924Z [INFO] Downloading from central: https://repo.maven.apache.org/maven2/org/sonatype/plexus/plexus-build-api/0.0.7/plexus-build-api-0.0.7.jar
User Service Tests	Ensure test-utils (install if missing)	2025-11-27T03:23:12.4434401Z [INFO] Downloaded from central: https://repo.maven.apache.org/maven2/javax/inject/javax.inject/1/javax.inject-1.jar (2.5 kB at 81 kB/s)
User Service Tests	Ensure test-utils (install if missing)	2025-11-27T03:23:12.4438335Z [INFO] Downloading from central: https://repo.maven.apache.org/maven2/commons-io/commons-io/2.11.0/commons-io-2.11.0.jar
User Service Tests	Ensure test-utils (install if missing)	2025-11-27T03:23:12.4470179Z [INFO] Downloaded from central: https://repo.maven.apache.org/maven2/org/sonatype/plexus/plexus-build-api/0.0.7/plexus-build-api-0.0.7.jar (8.5 kB at 249 kB/s)
User Service Tests	Ensure test-utils (install if missing)	2025-11-27T03:23:12.4473017Z [INFO] Downloading from central: https://repo.maven.apache.org/maven2/org/apache/commons/commons-lang3/3.12.0/commons-lang3-3.12.0.jar
User Service Tests	Ensure test-utils (install if missing)	2025-11-27T03:23:12.4497087Z [INFO] Downloaded from central: https://repo.maven.apache.org/maven2/org/codehaus/plexus/plexus-utils/3.5.1/plexus-utils-3.5.1.jar (269 kB at 7.1 MB/s)
User Service Tests	Ensure test-utils (install if missing)	2025-11-27T03:23:12.4513745Z [INFO] Downloaded from central: https://repo.maven.apache.org/maven2/org/apache/maven/shared/maven-filtering/3.3.1/maven-filtering-3.3.1.jar (55 kB at 1.4 MB/s)
User Service Tests	Ensure test-utils (install if missing)	2025-11-27T03:23:12.4656686Z [INFO] Downloaded from central: https://repo.maven.apache.org/maven2/org/slf4j/slf4j-api/1.7.36/slf4j-api-1.7.36.jar (41 kB at 776 kB/s)
User Service Tests	Ensure test-utils (install if missing)	2025-11-27T03:23:12.4761416Z [INFO] Downloaded from central: https://repo.maven.apache.org/maven2/commons-io/commons-io/2.11.0/commons-io-2.11.0.jar (327 kB at 5.3 MB/s)
User Service Tests	Ensure test-utils (install if missing)	2025-11-27T03:23:12.4869322Z [INFO] Downloaded from central: https://repo.maven.apache.org/maven2/org/apache/commons/commons-lang3/3.12.0/commons-lang3-3.12.0.jar (587 kB at 8.0 MB/s)
User Service Tests	Ensure test-utils (install if missing)	2025-11-27T03:23:12.5934991Z [INFO] Copying 2 resources from src/main/resources to target/classes
User Service Tests	Ensure test-utils (install if missing)	2025-11-27T03:23:12.5975099Z [INFO] 
User Service Tests	Ensure test-utils (install if missing)	2025-11-27T03:23:12.5975984Z [INFO] --- compiler:3.13.0:compile (default-compile) @ test-utils ---
User Service Tests	Ensure test-utils (install if missing)	2025-11-27T03:23:12.6025362Z [INFO] Downloading from central: https://repo.maven.apache.org/maven2/org/apache/maven/shared/maven-shared-utils/3.4.2/maven-shared-utils-3.4.2.pom
User Service Tests	Ensure test-utils (install if missing)	2025-11-27T03:23:12.6380262Z [INFO] Downloaded from central: https://repo.maven.apache.org/maven2/org/apache/maven/shared/maven-shared-utils/3.4.2/maven-shared-utils-3.4.2.pom (5.9 kB at 169 kB/s)
User Service Tests	Ensure test-utils (install if missing)	2025-11-27T03:23:12.6424307Z [INFO] Downloading from central: https://repo.maven.apache.org/maven2/org/apache/maven/shared/maven-shared-incremental/1.1/maven-shared-incremental-1.1.pom
User Service Tests	Ensure test-utils (install if missing)	2025-11-27T03:23:12.6736591Z [INFO] Downloaded from central: https://repo.maven.apache.org/maven2/org/apache/maven/shared/maven-shared-incremental/1.1/maven-shared-incremental-1.1.pom (4.7 kB at 153 kB/s)
User Service Tests	Ensure test-utils (install if missing)	2025-11-27T03:23:12.6755638Z [INFO] Downloading from central: https://repo.maven.apache.org/maven2/org/apache/maven/shared/maven-shared-components/19/maven-shared-components-19.pom
User Service Tests	Ensure test-utils (install if missing)	2025-11-27T03:23:12.7016845Z [INFO] Downloaded from central: https://repo.maven.apache.org/maven2/org/apache/maven/shared/maven-shared-components/19/maven-shared-components-19.pom (6.4 kB at 245 kB/s)
User Service Tests	Ensure test-utils (install if missing)	2025-11-27T03:23:12.7033884Z [INFO] Downloading from central: https://repo.maven.apache.org/maven2/org/apache/maven/maven-parent/23/maven-parent-23.pom
User Service Tests	Ensure test-utils (install if missing)	2025-11-27T03:23:12.7319300Z [INFO] Downloaded from central: https://repo.maven.apache.org/maven2/org/apache/maven/maven-parent/23/maven-parent-23.pom (33 kB at 1.2 MB/s)
User Service Tests	Ensure test-utils (install if missing)	2025-11-27T03:23:12.7365474Z [INFO] Downloading from central: https://repo.maven.apache.org/maven2/org/apache/apache/13/apache-13.pom
User Service Tests	Ensure test-utils (install if missing)	2025-11-27T03:23:12.7635748Z [INFO] Downloaded from central: https://repo.maven.apache.org/maven2/org/apache/apache/13/apache-13.pom (14 kB at 518 kB/s)
User Service Tests	Ensure test-utils (install if missing)	2025-11-27T03:23:12.7672685Z [INFO] Downloading from central: https://repo.maven.apache.org/maven2/org/codehaus/plexus/plexus-java/1.2.0/plexus-java-1.2.0.pom
User Service Tests	Ensure test-utils (install if missing)	2025-11-27T03:23:12.7980960Z [INFO] Downloaded from central: https://repo.maven.apache.org/maven2/org/codehaus/plexus/plexus-java/1.2.0/plexus-java-1.2.0.pom (4.3 kB at 142 kB/s)
User Service Tests	Ensure test-utils (install if missing)	2025-11-27T03:23:12.8000112Z [INFO] Downloading from central: https://repo.maven.apache.org/maven2/org/codehaus/plexus/plexus-languages/1.2.0/plexus-languages-1.2.0.pom
User Service Tests	Ensure test-utils (install if missing)	2025-11-27T03:23:12.8322938Z [INFO] Downloaded from central: https://repo.maven.apache.org/maven2/org/codehaus/plexus/plexus-languages/1.2.0/plexus-languages-1.2.0.pom (3.2 kB at 97 kB/s)
User Service Tests	Ensure test-utils (install if missing)	2025-11-27T03:23:12.8337343Z [INFO] Downloading from central: https://repo.maven.apache.org/maven2/org/codehaus/plexus/plexus/15/plexus-15.pom
User Service Tests	Ensure test-utils (install if missing)	2025-11-27T03:23:12.8737440Z [INFO] Downloaded from central: https://repo.maven.apache.org/maven2/org/codehaus/plexus/plexus/15/plexus-15.pom (28 kB at 695 kB/s)
User Service Tests	Ensure test-utils (install if missing)	2025-11-27T03:23:12.8769461Z [INFO] Downloading from central: https://repo.maven.apache.org/maven2/org/junit/junit-bom/5.10.0/junit-bom-5.10.0.pom
User Service Tests	Ensure test-utils (install if missing)	2025-11-27T03:23:12.9113654Z [INFO] Downloaded from central: https://repo.maven.apache.org/maven2/org/junit/junit-bom/5.10.0/junit-bom-5.10.0.pom (5.6 kB at 161 kB/s)
User Service Tests	Ensure test-utils (install if missing)	2025-11-27T03:23:12.9136717Z [INFO] Downloading from central: https://repo.maven.apache.org/maven2/org/ow2/asm/asm/9.6/asm-9.6.pom
User Service Tests	Ensure test-utils (install if missing)	2025-11-27T03:23:12.9457820Z [INFO] Downloaded from central: https://repo.maven.apache.org/maven2/org/ow2/asm/asm/9.6/asm-9.6.pom (2.4 kB at 74 kB/s)
User Service Tests	Ensure test-utils (install if missing)	2025-11-27T03:23:12.9476985Z [INFO] Downloading from central: https://repo.maven.apache.org/maven2/org/ow2/ow2/1.5.1/ow2-1.5.1.pom
User Service Tests	Ensure test-utils (install if missing)	2025-11-27T03:23:12.9829212Z [INFO] Downloaded from central: https://repo.maven.apache.org/maven2/org/ow2/ow2/1.5.1/ow2-1.5.1.pom (11 kB at 323 kB/s)
User Service Tests	Ensure test-utils (install if missing)	2025-11-27T03:23:12.9855002Z [INFO] Downloading from central: https://repo.maven.apache.org/maven2/com/thoughtworks/qdox/qdox/2.0.3/qdox-2.0.3.pom
User Service Tests	Ensure test-utils (install if missing)	2025-11-27T03:23:13.0143558Z [INFO] Downloaded from central: https://repo.maven.apache.org/maven2/com/thoughtworks/qdox/qdox/2.0.3/qdox-2.0.3.pom (17 kB at 594 kB/s)
User Service Tests	Ensure test-utils (install if missing)	2025-11-27T03:23:13.0189070Z [INFO] Downloading from central: https://repo.maven.apache.org/maven2/org/sonatype/oss/oss-parent/9/oss-parent-9.pom
User Service Tests	Ensure test-utils (install if missing)	2025-11-27T03:23:13.0465964Z [INFO] Downloaded from central: https://repo.maven.apache.org/maven2/org/sonatype/oss/oss-parent/9/oss-parent-9.pom (6.6 kB at 235 kB/s)
User Service Tests	Ensure test-utils (install if missing)	2025-11-27T03:23:13.0495266Z [INFO] Downloading from central: https://repo.maven.apache.org/maven2/org/codehaus/plexus/plexus-compiler-api/2.15.0/plexus-compiler-api-2.15.0.pom
User Service Tests	Ensure test-utils (install if missing)	2025-11-27T03:23:13.0816864Z [INFO] Downloaded from central: https://repo.maven.apache.org/maven2/org/codehaus/plexus/plexus-compiler-api/2.15.0/plexus-compiler-api-2.15.0.pom (1.4 kB at 43 kB/s)
User Service Tests	Ensure test-utils (install if missing)	2025-11-27T03:23:13.0832605Z [INFO] Downloading from central: https://repo.maven.apache.org/maven2/org/codehaus/plexus/plexus-compiler/2.15.0/plexus-compiler-2.15.0.pom
User Service Tests	Ensure test-utils (install if missing)	2025-11-27T03:23:13.1159067Z [INFO] Downloaded from central: https://repo.maven.apache.org/maven2/org/codehaus/plexus/plexus-compiler/2.15.0/plexus-compiler-2.15.0.pom (7.6 kB at 238 kB/s)
User Service Tests	Ensure test-utils (install if missing)	2025-11-27T03:23:13.1172967Z [INFO] Downloading from central: https://repo.maven.apache.org/maven2/org/codehaus/plexus/plexus/17/plexus-17.pom
User Service Tests	Ensure test-utils (install if missing)	2025-11-27T03:23:13.1684205Z [INFO] Downloaded from central: https://repo.maven.apache.org/maven2/org/codehaus/plexus/plexus/17/plexus-17.pom (28 kB at 553 kB/s)
User Service Tests	Ensure test-utils (install if missing)	2025-11-27T03:23:13.1723452Z [INFO] Downloading from central: https://repo.maven.apache.org/maven2/org/codehaus/plexus/plexus-utils/4.0.0/plexus-utils-4.0.0.pom
User Service Tests	Ensure test-utils (install if missing)	2025-11-27T03:23:13.2026249Z [INFO] Downloaded from central: https://repo.maven.apache.org/maven2/org/codehaus/plexus/plexus-utils/4.0.0/plexus-utils-4.0.0.pom (8.7 kB at 289 kB/s)
User Service Tests	Ensure test-utils (install if missing)	2025-11-27T03:23:13.2047592Z [INFO] Downloading from central: https://repo.maven.apache.org/maven2/org/codehaus/plexus/plexus/13/plexus-13.pom
User Service Tests	Ensure test-utils (install if missing)	2025-11-27T03:23:13.2330378Z [INFO] Downloaded from central: https://repo.maven.apache.org/maven2/org/codehaus/plexus/plexus/13/plexus-13.pom (27 kB at 978 kB/s)
User Service Tests	Ensure test-utils (install if missing)	2025-11-27T03:23:13.2366790Z [INFO] Downloading from central: https://repo.maven.apache.org/maven2/org/codehaus/plexus/plexus-compiler-manager/2.15.0/plexus-compiler-manager-2.15.0.pom
User Service Tests	Ensure test-utils (install if missing)	2025-11-27T03:23:13.2834677Z [INFO] Downloaded from central: https://repo.maven.apache.org/maven2/org/codehaus/plexus/plexus-compiler-manager/2.15.0/plexus-compiler-manager-2.15.0.pom (1.3 kB at 29 kB/s)
User Service Tests	Ensure test-utils (install if missing)	2025-11-27T03:23:13.2866397Z [INFO] Downloading from central: https://repo.maven.apache.org/maven2/org/codehaus/plexus/plexus-xml/3.0.0/plexus-xml-3.0.0.pom
User Service Tests	Ensure test-utils (install if missing)	2025-11-27T03:23:13.3217501Z [INFO] Downloaded from central: https://repo.maven.apache.org/maven2/org/codehaus/plexus/plexus-xml/3.0.0/plexus-xml-3.0.0.pom (3.7 kB at 107 kB/s)
User Service Tests	Ensure test-utils (install if missing)	2025-11-27T03:23:13.3243768Z [INFO] Downloading from central: https://repo.maven.apache.org/maven2/org/codehaus/plexus/plexus-compiler-javac/2.15.0/plexus-compiler-javac-2.15.0.pom
User Service Tests	Ensure test-utils (install if missing)	2025-11-27T03:23:13.3553822Z [INFO] Downloaded from central: https://repo.maven.apache.org/maven2/org/codehaus/plexus/plexus-compiler-javac/2.15.0/plexus-compiler-javac-2.15.0.pom (1.3 kB at 42 kB/s)
User Service Tests	Ensure test-utils (install if missing)	2025-11-27T03:23:13.3566562Z [INFO] Downloading from central: https://repo.maven.apache.org/maven2/org/codehaus/plexus/plexus-compilers/2.15.0/plexus-compilers-2.15.0.pom
User Service Tests	Ensure test-utils (install if missing)	2025-11-27T03:23:13.3919540Z [INFO] Downloaded from central: https://repo.maven.apache.org/maven2/org/codehaus/plexus/plexus-compilers/2.15.0/plexus-compilers-2.15.0.pom (1.6 kB at 45 kB/s)
User Service Tests	Ensure test-utils (install if missing)	2025-11-27T03:23:13.3989236Z [INFO] Downloading from central: https://repo.maven.apache.org/maven2/org/apache/maven/shared/maven-shared-utils/3.4.2/maven-shared-utils-3.4.2.jar
User Service Tests	Ensure test-utils (install if missing)	2025-11-27T03:23:13.4357902Z [INFO] Downloaded from central: https://repo.maven.apache.org/maven2/org/apache/maven/shared/maven-shared-utils/3.4.2/maven-shared-utils-3.4.2.jar (151 kB at 4.1 MB/s)
User Service Tests	Ensure test-utils (install if missing)	2025-11-27T03:23:13.4361548Z [INFO] Downloading from central: https://repo.maven.apache.org/maven2/org/apache/maven/shared/maven-shared-incremental/1.1/maven-shared-incremental-1.1.jar
User Service Tests	Ensure test-utils (install if missing)	2025-11-27T03:23:13.4364459Z [INFO] Downloading from central: https://repo.maven.apache.org/maven2/org/codehaus/plexus/plexus-java/1.2.0/plexus-java-1.2.0.jar
User Service Tests	Ensure test-utils (install if missing)	2025-11-27T03:23:13.4374493Z [INFO] Downloading from central: https://repo.maven.apache.org/maven2/org/ow2/asm/asm/9.6/asm-9.6.jar
User Service Tests	Ensure test-utils (install if missing)	2025-11-27T03:23:13.4375794Z [INFO] Downloading from central: https://repo.maven.apache.org/maven2/com/thoughtworks/qdox/qdox/2.0.3/qdox-2.0.3.jar
User Service Tests	Ensure test-utils (install if missing)	2025-11-27T03:23:13.4378386Z [INFO] Downloading from central: https://repo.maven.apache.org/maven2/org/codehaus/plexus/plexus-compiler-api/2.15.0/plexus-compiler-api-2.15.0.jar
User Service Tests	Ensure test-utils (install if missing)	2025-11-27T03:23:13.4692712Z [INFO] Downloaded from central: https://repo.maven.apache.org/maven2/org/ow2/asm/asm/9.6/asm-9.6.jar (124 kB at 3.7 MB/s)
User Service Tests	Ensure test-utils (install if missing)	2025-11-27T03:23:13.4695143Z [INFO] Downloading from central: https://repo.maven.apache.org/maven2/org/codehaus/plexus/plexus-compiler-manager/2.15.0/plexus-compiler-manager-2.15.0.jar
User Service Tests	Ensure test-utils (install if missing)	2025-11-27T03:23:13.4709962Z [INFO] Downloaded from central: https://repo.maven.apache.org/maven2/org/codehaus/plexus/plexus-compiler-api/2.15.0/plexus-compiler-api-2.15.0.jar (29 kB at 855 kB/s)
User Service Tests	Ensure test-utils (install if missing)	2025-11-27T03:23:13.4711243Z [INFO] Downloading from central: https://repo.maven.apache.org/maven2/org/codehaus/plexus/plexus-xml/3.0.0/plexus-xml-3.0.0.jar
User Service Tests	Ensure test-utils (install if missing)	2025-11-27T03:23:13.4760043Z [INFO] Downloaded from central: https://repo.maven.apache.org/maven2/org/apache/maven/shared/maven-shared-incremental/1.1/maven-shared-incremental-1.1.jar (14 kB at 338 kB/s)
User Service Tests	Ensure test-utils (install if missing)	2025-11-27T03:23:13.4761548Z [INFO] Downloading from central: https://repo.maven.apache.org/maven2/org/codehaus/plexus/plexus-compiler-javac/2.15.0/plexus-compiler-javac-2.15.0.jar
User Service Tests	Ensure test-utils (install if missing)	2025-11-27T03:23:13.4808839Z [INFO] Downloaded from central: https://repo.maven.apache.org/maven2/org/codehaus/plexus/plexus-java/1.2.0/plexus-java-1.2.0.jar (58 kB at 1.3 MB/s)
User Service Tests	Ensure test-utils (install if missing)	2025-11-27T03:23:13.4810774Z [INFO] Downloading from central: https://repo.maven.apache.org/maven2/org/codehaus/plexus/plexus-utils/4.0.0/plexus-utils-4.0.0.jar
User Service Tests	Ensure test-utils (install if missing)	2025-11-27T03:23:13.4822477Z [INFO] Downloaded from central: https://repo.maven.apache.org/maven2/com/thoughtworks/qdox/qdox/2.0.3/qdox-2.0.3.jar (334 kB at 7.3 MB/s)
User Service Tests	Ensure test-utils (install if missing)	2025-11-27T03:23:13.4966035Z [INFO] Downloaded from central: https://repo.maven.apache.org/maven2/org/codehaus/plexus/plexus-compiler-manager/2.15.0/plexus-compiler-manager-2.15.0.jar (5.2 kB at 89 kB/s)
User Service Tests	Ensure test-utils (install if missing)	2025-11-27T03:23:13.5075841Z [INFO] Downloaded from central: https://repo.maven.apache.org/maven2/org/codehaus/plexus/plexus-xml/3.0.0/plexus-xml-3.0.0.jar (93 kB at 1.3 MB/s)
User Service Tests	Ensure test-utils (install if missing)	2025-11-27T03:23:13.5133127Z [INFO] Downloaded from central: https://repo.maven.apache.org/maven2/org/codehaus/plexus/plexus-utils/4.0.0/plexus-utils-4.0.0.jar (192 kB at 2.5 MB/s)
User Service Tests	Ensure test-utils (install if missing)	2025-11-27T03:23:13.5287089Z [INFO] Downloaded from central: https://repo.maven.apache.org/maven2/org/codehaus/plexus/plexus-compiler-javac/2.15.0/plexus-compiler-javac-2.15.0.jar (26 kB at 283 kB/s)
User Service Tests	Ensure test-utils (install if missing)	2025-11-27T03:23:13.6609806Z [INFO] Recompiling the module because of changed source code.
User Service Tests	Ensure test-utils (install if missing)	2025-11-27T03:23:13.6667784Z [INFO] Compiling 4 source files with javac [debug parameters release 17] to target/classes
User Service Tests	Ensure test-utils (install if missing)	2025-11-27T03:23:15.2717140Z [WARNING] unknown enum constant javax.annotation.meta.When.MAYBE
User Service Tests	Ensure test-utils (install if missing)	2025-11-27T03:23:15.2718226Z   reason: class file for javax.annotation.meta.When not found
User Service Tests	Ensure test-utils (install if missing)	2025-11-27T03:23:15.2719881Z [INFO] 
User Service Tests	Ensure test-utils (install if missing)	2025-11-27T03:23:15.2721316Z [INFO] --- resources:3.3.1:testResources (default-testResources) @ test-utils ---
User Service Tests	Ensure test-utils (install if missing)	2025-11-27T03:23:15.2770288Z [INFO] skip non existing resourceDirectory /home/runner/work/shop-ease-enterprise-app/shop-ease-enterprise-app/services/test-utils/src/test/resources
User Service Tests	Ensure test-utils (install if missing)	2025-11-27T03:23:15.2771739Z [INFO] 
User Service Tests	Ensure test-utils (install if missing)	2025-11-27T03:23:15.2772384Z [INFO] --- compiler:3.13.0:testCompile (default-testCompile) @ test-utils ---
User Service Tests	Ensure test-utils (install if missing)	2025-11-27T03:23:15.2810403Z [INFO] No sources to compile
User Service Tests	Ensure test-utils (install if missing)	2025-11-27T03:23:15.2811337Z [INFO] 
User Service Tests	Ensure test-utils (install if missing)	2025-11-27T03:23:15.2811842Z [INFO] --- surefire:3.2.5:test (default-test) @ test-utils ---
User Service Tests	Ensure test-utils (install if missing)	2025-11-27T03:23:15.2887168Z [INFO] Downloading from central: https://repo.maven.apache.org/maven2/org/apache/maven/surefire/maven-surefire-common/3.2.5/maven-surefire-common-3.2.5.pom
User Service Tests	Ensure test-utils (install if missing)	2025-11-27T03:23:15.3185026Z [INFO] Downloaded from central: https://repo.maven.apache.org/maven2/org/apache/maven/surefire/maven-surefire-common/3.2.5/maven-surefire-common-3.2.5.pom (6.2 kB at 208 kB/s)
User Service Tests	Ensure test-utils (install if missing)	2025-11-27T03:23:15.3240875Z [INFO] Downloading from central: https://repo.maven.apache.org/maven2/org/apache/maven/surefire/surefire-api/3.2.5/surefire-api-3.2.5.pom
User Service Tests	Ensure test-utils (install if missing)	2025-11-27T03:23:15.3490319Z [INFO] Downloaded from central: https://repo.maven.apache.org/maven2/org/apache/maven/surefire/surefire-api/3.2.5/surefire-api-3.2.5.pom (3.5 kB at 141 kB/s)
User Service Tests	Ensure test-utils (install if missing)	2025-11-27T03:23:15.3524943Z [INFO] Downloading from central: https://repo.maven.apache.org/maven2/org/apache/maven/surefire/surefire-logger-api/3.2.5/surefire-logger-api-3.2.5.pom
User Service Tests	Ensure test-utils (install if missing)	2025-11-27T03:23:15.3976962Z [INFO] Downloaded from central: https://repo.maven.apache.org/maven2/org/apache/maven/surefire/surefire-logger-api/3.2.5/surefire-logger-api-3.2.5.pom (3.3 kB at 72 kB/s)
User Service Tests	Ensure test-utils (install if missing)	2025-11-27T03:23:15.4010390Z [INFO] Downloading from central: https://repo.maven.apache.org/maven2/org/apache/maven/surefire/surefire-shared-utils/3.2.5/surefire-shared-utils-3.2.5.pom
User Service Tests	Ensure test-utils (install if missing)	2025-11-27T03:23:15.4317711Z [INFO] Downloaded from central: https://repo.maven.apache.org/maven2/org/apache/maven/surefire/surefire-shared-utils/3.2.5/surefire-shared-utils-3.2.5.pom (4.1 kB at 131 kB/s)
User Service Tests	Ensure test-utils (install if missing)	2025-11-27T03:23:15.4360101Z [INFO] Downloading from central: https://repo.maven.apache.org/maven2/org/apache/maven/surefire/surefire-extensions-api/3.2.5/surefire-extensions-api-3.2.5.pom
User Service Tests	Ensure test-utils (install if missing)	2025-11-27T03:23:15.4605338Z [INFO] Downloaded from central: https://repo.maven.apache.org/maven2/org/apache/maven/surefire/surefire-extensions-api/3.2.5/surefire-extensions-api-3.2.5.pom (3.3 kB at 132 kB/s)
User Service Tests	Ensure test-utils (install if missing)	2025-11-27T03:23:15.4653104Z [INFO] Downloading from central: https://repo.maven.apache.org/maven2/org/apache/maven/surefire/surefire-booter/3.2.5/surefire-booter-3.2.5.pom
User Service Tests	Ensure test-utils (install if missing)	2025-11-27T03:23:15.4912715Z [INFO] Downloaded from central: https://repo.maven.apache.org/maven2/org/apache/maven/surefire/surefire-booter/3.2.5/surefire-booter-3.2.5.pom (4.5 kB at 178 kB/s)
User Service Tests	Ensure test-utils (install if missing)	2025-11-27T03:23:15.5056763Z [INFO] Downloading from central: https://repo.maven.apache.org/maven2/org/apache/maven/surefire/surefire-extensions-spi/3.2.5/surefire-extensions-spi-3.2.5.pom
User Service Tests	Ensure test-utils (install if missing)	2025-11-27T03:23:15.5379146Z [INFO] Downloaded from central: https://repo.maven.apache.org/maven2/org/apache/maven/surefire/surefire-extensions-spi/3.2.5/surefire-extensions-spi-3.2.5.pom (1.8 kB at 52 kB/s)
User Service Tests	Ensure test-utils (install if missing)	2025-11-27T03:23:15.5459644Z [INFO] Downloading from central: https://repo.maven.apache.org/maven2/org/eclipse/aether/aether-util/1.0.0.v20140518/aether-util-1.0.0.v20140518.pom
User Service Tests	Ensure test-utils (install if missing)	2025-11-27T03:23:15.5720542Z [INFO] Downloaded from central: https://repo.maven.apache.org/maven2/org/eclipse/aether/aether-util/1.0.0.v20140518/aether-util-1.0.0.v20140518.pom (2.2 kB at 81 kB/s)
User Service Tests	Ensure test-utils (install if missing)	2025-11-27T03:23:15.5739583Z [INFO] Downloading from central: https://repo.maven.apache.org/maven2/org/eclipse/aether/aether/1.0.0.v20140518/aether-1.0.0.v20140518.pom
User Service Tests	Ensure test-utils (install if missing)	2025-11-27T03:23:15.6069459Z [INFO] Downloaded from central: https://repo.maven.apache.org/maven2/org/eclipse/aether/aether/1.0.0.v20140518/aether-1.0.0.v20140518.pom (30 kB at 914 kB/s)
User Service Tests	Ensure test-utils (install if missing)	2025-11-27T03:23:15.6097362Z [INFO] Downloading from central: https://repo.maven.apache.org/maven2/org/eclipse/aether/aether-api/1.0.0.v20140518/aether-api-1.0.0.v20140518.pom
User Service Tests	Ensure test-utils (install if missing)	2025-11-27T03:23:15.6452429Z [INFO] Downloaded from central: https://repo.maven.apache.org/maven2/org/eclipse/aether/aether-api/1.0.0.v20140518/aether-api-1.0.0.v20140518.pom (1.9 kB at 54 kB/s)
User Service Tests	Ensure test-utils (install if missing)	2025-11-27T03:23:15.6480071Z [INFO] Downloading from central: https://repo.maven.apache.org/maven2/org/apache/maven/shared/maven-common-artifact-filters/3.1.1/maven-common-artifact-filters-3.1.1.pom
User Service Tests	Ensure test-utils (install if missing)	2025-11-27T03:23:15.6841330Z [INFO] Downloaded from central: https://repo.maven.apache.org/maven2/org/apache/maven/shared/maven-common-artifact-filters/3.1.1/maven-common-artifact-filters-3.1.1.pom (5.8 kB at 161 kB/s)
User Service Tests	Ensure test-utils (install if missing)	2025-11-27T03:23:15.6860046Z [INFO] Downloading from central: https://repo.maven.apache.org/maven2/org/apache/maven/shared/maven-shared-components/34/maven-shared-components-34.pom
User Service Tests	Ensure test-utils (install if missing)	2025-11-27T03:23:15.7160477Z [INFO] Downloaded from central: https://repo.maven.apache.org/maven2/org/apache/maven/shared/maven-shared-components/34/maven-shared-components-34.pom (5.1 kB at 170 kB/s)
User Service Tests	Ensure test-utils (install if missing)	2025-11-27T03:23:15.7186529Z [INFO] Downloading from central: https://repo.maven.apache.org/maven2/org/apache/maven/maven-parent/34/maven-parent-34.pom
User Service Tests	Ensure test-utils (install if missing)	2025-11-27T03:23:15.7445619Z [INFO] Downloaded from central: https://repo.maven.apache.org/maven2/org/apache/maven/maven-parent/34/maven-parent-34.pom (43 kB at 1.6 MB/s)
User Service Tests	Ensure test-utils (install if missing)	2025-11-27T03:23:15.7480464Z [INFO] Downloading from central: https://repo.maven.apache.org/maven2/org/apache/maven/maven-artifact/3.2.5/maven-artifact-3.2.5.pom
User Service Tests	Ensure test-utils (install if missing)	2025-11-27T03:23:15.7808108Z [INFO] Downloaded from central: https://repo.maven.apache.org/maven2/org/apache/maven/maven-artifact/3.2.5/maven-artifact-3.2.5.pom (2.3 kB at 71 kB/s)
User Service Tests	Ensure test-utils (install if missing)	2025-11-27T03:23:15.7822155Z [INFO] Downloading from central: https://repo.maven.apache.org/maven2/org/apache/maven/maven/3.2.5/maven-3.2.5.pom
User Service Tests	Ensure test-utils (install if missing)	2025-11-27T03:23:15.8162695Z [INFO] Downloaded from central: https://repo.maven.apache.org/maven2/org/apache/maven/maven/3.2.5/maven-3.2.5.pom (22 kB at 658 kB/s)
User Service Tests	Ensure test-utils (install if missing)	2025-11-27T03:23:15.8179939Z [INFO] Downloading from central: https://repo.maven.apache.org/maven2/org/apache/maven/maven-parent/25/maven-parent-25.pom
User Service Tests	Ensure test-utils (install if missing)	2025-11-27T03:23:15.8495015Z [INFO] Downloaded from central: https://repo.maven.apache.org/maven2/org/apache/maven/maven-parent/25/maven-parent-25.pom (37 kB at 1.2 MB/s)
User Service Tests	Ensure test-utils (install if missing)	2025-11-27T03:23:15.8514610Z [INFO] Downloading from central: https://repo.maven.apache.org/maven2/org/apache/apache/15/apache-15.pom
User Service Tests	Ensure test-utils (install if missing)	2025-11-27T03:23:15.8889042Z [INFO] Downloaded from central: https://repo.maven.apache.org/maven2/org/apache/apache/15/apache-15.pom (15 kB at 412 kB/s)
User Service Tests	Ensure test-utils (install if missing)	2025-11-27T03:23:15.8917149Z [INFO] Downloading from central: https://repo.maven.apache.org/maven2/org/apache/maven/maven-core/3.2.5/maven-core-3.2.5.pom
User Service Tests	Ensure test-utils (install if missing)	2025-11-27T03:23:15.9211185Z [INFO] Downloaded from central: https://repo.maven.apache.org/maven2/org/apache/maven/maven-core/3.2.5/maven-core-3.2.5.pom (8.1 kB at 278 kB/s)
User Service Tests	Ensure test-utils (install if missing)	2025-11-27T03:23:15.9241120Z [INFO] Downloading from central: https://repo.maven.apache.org/maven2/org/apache/maven/maven-settings/3.2.5/maven-settings-3.2.5.pom
User Service Tests	Ensure test-utils (install if missing)	2025-11-27T03:23:15.9504321Z [INFO] Downloaded from central: https://repo.maven.apache.org/maven2/org/apache/maven/maven-settings/3.2.5/maven-settings-3.2.5.pom (2.2 kB at 80 kB/s)
User Service Tests	Ensure test-utils (install if missing)	2025-11-27T03:23:15.9534244Z [INFO] Downloading from central: https://repo.maven.apache.org/maven2/org/apache/maven/maven-settings-builder/3.2.5/maven-settings-builder-3.2.5.pom
User Service Tests	Ensure test-utils (install if missing)	2025-11-27T03:23:15.9868610Z [INFO] Downloaded from central: https://repo.maven.apache.org/maven2/org/apache/maven/maven-settings-builder/3.2.5/maven-settings-builder-3.2.5.pom (2.6 kB at 79 kB/s)
User Service Tests	Ensure test-utils (install if missing)	2025-11-27T03:23:15.9905559Z [INFO] Downloading from central: https://repo.maven.apache.org/maven2/org/codehaus/plexus/plexus-interpolation/1.21/plexus-interpolation-1.21.pom
User Service Tests	Ensure test-utils (install if missing)	2025-11-27T03:23:16.0200948Z [INFO] Downloaded from central: https://repo.maven.apache.org/maven2/org/codehaus/plexus/plexus-interpolation/1.21/plexus-interpolation-1.21.pom (1.5 kB at 53 kB/s)
User Service Tests	Ensure test-utils (install if missing)	2025-11-27T03:23:16.0221111Z [INFO] Downloading from central: https://repo.maven.apache.org/maven2/org/codehaus/plexus/plexus-components/1.3.1/plexus-components-1.3.1.pom
User Service Tests	Ensure test-utils (install if missing)	2025-11-27T03:23:16.0526455Z [INFO] Downloaded from central: https://repo.maven.apache.org/maven2/org/codehaus/plexus/plexus-components/1.3.1/plexus-components-1.3.1.pom (3.1 kB at 99 kB/s)
User Service Tests	Ensure test-utils (install if missing)	2025-11-27T03:23:16.0545331Z [INFO] Downloading from central: https://repo.maven.apache.org/maven2/org/codehaus/plexus/plexus/3.3.1/plexus-3.3.1.pom
User Service Tests	Ensure test-utils (install if missing)	2025-11-27T03:23:16.0800863Z [INFO] Downloaded from central: https://repo.maven.apache.org/maven2/org/codehaus/plexus/plexus/3.3.1/plexus-3.3.1.pom (20 kB at 818 kB/s)
User Service Tests	Ensure test-utils (install if missing)	2025-11-27T03:23:16.0825846Z [INFO] Downloading from central: https://repo.maven.apache.org/maven2/org/sonatype/spice/spice-parent/17/spice-parent-17.pom
User Service Tests	Ensure test-utils (install if missing)	2025-11-27T03:23:16.1154184Z [INFO] Downloaded from central: https://repo.maven.apache.org/maven2/org/sonatype/spice/spice-parent/17/spice-parent-17.pom (6.8 kB at 205 kB/s)
User Service Tests	Ensure test-utils (install if missing)	2025-11-27T03:23:16.1167378Z [INFO] Downloading from central: https://repo.maven.apache.org/maven2/org/sonatype/forge/forge-parent/10/forge-parent-10.pom
User Service Tests	Ensure test-utils (install if missing)	2025-11-27T03:23:16.1564051Z [INFO] Downloaded from central: https://repo.maven.apache.org/maven2/org/sonatype/forge/forge-parent/10/forge-parent-10.pom (14 kB at 339 kB/s)
User Service Tests	Ensure test-utils (install if missing)	2025-11-27T03:23:16.1594087Z [INFO] Downloading from central: https://repo.maven.apache.org/maven2/org/codehaus/plexus/plexus-component-annotations/1.5.5/plexus-component-annotations-1.5.5.pom
User Service Tests	Ensure test-utils (install if missing)	2025-11-27T03:23:16.2013903Z [INFO] Downloaded from central: https://repo.maven.apache.org/maven2/org/codehaus/plexus/plexus-component-annotations/1.5.5/plexus-component-annotations-1.5.5.pom (815 B at 19 kB/s)
User Service Tests	Ensure test-utils (install if missing)	2025-11-27T03:23:16.2049845Z [INFO] Downloading from central: https://repo.maven.apache.org/maven2/org/codehaus/plexus/plexus-containers/1.5.5/plexus-containers-1.5.5.pom
User Service Tests	Ensure test-utils (install if missing)	2025-11-27T03:23:16.2375666Z [INFO] Downloaded from central: https://repo.maven.apache.org/maven2/org/codehaus/plexus/plexus-containers/1.5.5/plexus-containers-1.5.5.pom (4.2 kB at 128 kB/s)
User Service Tests	Ensure test-utils (install if missing)	2025-11-27T03:23:16.2390090Z [INFO] Downloading from central: https://repo.maven.apache.org/maven2/org/codehaus/plexus/plexus/2.0.7/plexus-2.0.7.pom
User Service Tests	Ensure test-utils (install if missing)	2025-11-27T03:23:16.2685685Z [INFO] Downloaded from central: https://repo.maven.apache.org/maven2/org/codehaus/plexus/plexus/2.0.7/plexus-2.0.7.pom (17 kB at 576 kB/s)
User Service Tests	Ensure test-utils (install if missing)	2025-11-27T03:23:16.2714927Z [INFO] Downloading from central: https://repo.maven.apache.org/maven2/org/sonatype/plexus/plexus-sec-dispatcher/1.3/plexus-sec-dispatcher-1.3.pom
User Service Tests	Ensure test-utils (install if missing)	2025-11-27T03:23:16.2996887Z [INFO] Downloaded from central: https://repo.maven.apache.org/maven2/org/sonatype/plexus/plexus-sec-dispatcher/1.3/plexus-sec-dispatcher-1.3.pom (3.0 kB at 106 kB/s)
User Service Tests	Ensure test-utils (install if missing)	2025-11-27T03:23:16.3011050Z [INFO] Downloading from central: https://repo.maven.apache.org/maven2/org/sonatype/spice/spice-parent/12/spice-parent-12.pom
User Service Tests	Ensure test-utils (install if missing)	2025-11-27T03:23:16.3320609Z [INFO] Downloaded from central: https://repo.maven.apache.org/maven2/org/sonatype/spice/spice-parent/12/spice-parent-12.pom (6.8 kB at 219 kB/s)
User Service Tests	Ensure test-utils (install if missing)	2025-11-27T03:23:16.3335495Z [INFO] Downloading from central: https://repo.maven.apache.org/maven2/org/sonatype/forge/forge-parent/4/forge-parent-4.pom
User Service Tests	Ensure test-utils (install if missing)	2025-11-27T03:23:16.3794516Z [INFO] Downloaded from central: https://repo.maven.apache.org/maven2/org/sonatype/forge/forge-parent/4/forge-parent-4.pom (8.4 kB at 183 kB/s)
User Service Tests	Ensure test-utils (install if missing)	2025-11-27T03:23:16.3819444Z [INFO] Downloading from central: https://repo.maven.apache.org/maven2/org/sonatype/plexus/plexus-cipher/1.4/plexus-cipher-1.4.pom
User Service Tests	Ensure test-utils (install if missing)	2025-11-27T03:23:16.4066625Z [INFO] Downloaded from central: https://repo.maven.apache.org/maven2/org/sonatype/plexus/plexus-cipher/1.4/plexus-cipher-1.4.pom (2.1 kB at 83 kB/s)
User Service Tests	Ensure test-utils (install if missing)	2025-11-27T03:23:16.4089808Z [INFO] Downloading from central: https://repo.maven.apache.org/maven2/org/apache/maven/maven-repository-metadata/3.2.5/maven-repository-metadata-3.2.5.pom
User Service Tests	Ensure test-utils (install if missing)	2025-11-27T03:23:16.4410107Z [INFO] Downloaded from central: https://repo.maven.apache.org/maven2/org/apache/maven/maven-repository-metadata/3.2.5/maven-repository-metadata-3.2.5.pom (2.2 kB at 70 kB/s)
User Service Tests	Ensure test-utils (install if missing)	2025-11-27T03:23:16.4449733Z [INFO] Downloading from central: https://repo.maven.apache.org/maven2/org/apache/maven/maven-plugin-api/3.2.5/maven-plugin-api-3.2.5.pom
User Service Tests	Ensure test-utils (install if missing)	2025-11-27T03:23:16.4770864Z [INFO] Downloaded from central: https://repo.maven.apache.org/maven2/org/apache/maven/maven-plugin-api/3.2.5/maven-plugin-api-3.2.5.pom (3.0 kB at 95 kB/s)
User Service Tests	Ensure test-utils (install if missing)	2025-11-27T03:23:16.4812400Z [INFO] Downloading from central: https://repo.maven.apache.org/maven2/org/eclipse/sisu/org.eclipse.sisu.plexus/0.9.0.M2/org.eclipse.sisu.plexus-0.9.0.M2.pom
User Service Tests	Ensure test-utils (install if missing)	2025-11-27T03:23:16.5086487Z [INFO] Downloaded from central: https://repo.maven.apache.org/maven2/org/eclipse/sisu/org.eclipse.sisu.plexus/0.9.0.M2/org.eclipse.sisu.plexus-0.9.0.M2.pom (15 kB at 534 kB/s)
User Service Tests	Ensure test-utils (install if missing)	2025-11-27T03:23:16.5107823Z [INFO] Downloading from central: https://repo.maven.apache.org/maven2/org/eclipse/sisu/sisu-plexus/0.9.0.M2/sisu-plexus-0.9.0.M2.pom
User Service Tests	Ensure test-utils (install if missing)	2025-11-27T03:23:16.5450620Z [INFO] Downloaded from central: https://repo.maven.apache.org/maven2/org/eclipse/sisu/sisu-plexus/0.9.0.M2/sisu-plexus-0.9.0.M2.pom (15 kB at 427 kB/s)
User Service Tests	Ensure test-utils (install if missing)	2025-11-27T03:23:16.5479582Z [INFO] Downloading from central: https://repo.maven.apache.org/maven2/javax/annotation/javax.annotation-api/1.2/javax.annotation-api-1.2.pom
User Service Tests	Ensure test-utils (install if missing)	2025-11-27T03:23:16.5733604Z [INFO] Downloaded from central: https://repo.maven.apache.org/maven2/javax/annotation/javax.annotation-api/1.2/javax.annotation-api-1.2.pom (13 kB at 517 kB/s)
User Service Tests	Ensure test-utils (install if missing)	2025-11-27T03:23:16.5754986Z [INFO] Downloading from central: https://repo.maven.apache.org/maven2/net/java/jvnet-parent/3/jvnet-parent-3.pom
User Service Tests	Ensure test-utils (install if missing)	2025-11-27T03:23:16.6068347Z [INFO] Downloaded from central: https://repo.maven.apache.org/maven2/net/java/jvnet-parent/3/jvnet-parent-3.pom (4.8 kB at 154 kB/s)
User Service Tests	Ensure test-utils (install if missing)	2025-11-27T03:23:16.6089602Z [INFO] Downloading from central: https://repo.maven.apache.org/maven2/javax/enterprise/cdi-api/1.2/cdi-api-1.2.pom
User Service Tests	Ensure test-utils (install if missing)	2025-11-27T03:23:16.6362350Z [INFO] Downloaded from central: https://repo.maven.apache.org/maven2/javax/enterprise/cdi-api/1.2/cdi-api-1.2.pom (6.3 kB at 232 kB/s)
User Service Tests	Ensure test-utils (install if missing)	2025-11-27T03:23:16.6380534Z [INFO] Downloading from central: https://repo.maven.apache.org/maven2/org/jboss/weld/weld-parent/26/weld-parent-26.pom
User Service Tests	Ensure test-utils (install if missing)	2025-11-27T03:23:16.6627170Z [INFO] Downloaded from central: https://repo.maven.apache.org/maven2/org/jboss/weld/weld-parent/26/weld-parent-26.pom (32 kB at 1.3 MB/s)
User Service Tests	Ensure test-utils (install if missing)	2025-11-27T03:23:16.6671590Z [INFO] Downloading from central: https://repo.maven.apache.org/maven2/org/eclipse/sisu/org.eclipse.sisu.inject/0.9.0.M2/org.eclipse.sisu.inject-0.9.0.M2.pom
User Service Tests	Ensure test-utils (install if missing)	2025-11-27T03:23:16.7023833Z [INFO] Downloaded from central: https://repo.maven.apache.org/maven2/org/eclipse/sisu/org.eclipse.sisu.inject/0.9.0.M2/org.eclipse.sisu.inject-0.9.0.M2.pom (17 kB at 482 kB/s)
User Service Tests	Ensure test-utils (install if missing)	2025-11-27T03:23:16.7041605Z [INFO] Downloading from central: https://repo.maven.apache.org/maven2/org/eclipse/sisu/sisu-inject/0.9.0.M2/sisu-inject-0.9.0.M2.pom
User Service Tests	Ensure test-utils (install if missing)	2025-11-27T03:23:16.7321362Z [INFO] Downloaded from central: https://repo.maven.apache.org/maven2/org/eclipse/sisu/sisu-inject/0.9.0.M2/sisu-inject-0.9.0.M2.pom (15 kB at 529 kB/s)
User Service Tests	Ensure test-utils (install if missing)	2025-11-27T03:23:16.7344858Z [INFO] Downloading from central: https://repo.maven.apache.org/maven2/org/codehaus/plexus/plexus-component-annotations/2.1.0/plexus-component-annotations-2.1.0.pom
User Service Tests	Ensure test-utils (install if missing)	2025-11-27T03:23:16.7645655Z [INFO] Downloaded from central: https://repo.maven.apache.org/maven2/org/codehaus/plexus/plexus-component-annotations/2.1.0/plexus-component-annotations-2.1.0.pom (750 B at 25 kB/s)
User Service Tests	Ensure test-utils (install if missing)	2025-11-27T03:23:16.7658432Z [INFO] Downloading from central: https://repo.maven.apache.org/maven2/org/codehaus/plexus/plexus-containers/2.1.0/plexus-containers-2.1.0.pom
User Service Tests	Ensure test-utils (install if missing)	2025-11-27T03:23:16.7970591Z [INFO] Downloaded from central: https://repo.maven.apache.org/maven2/org/codehaus/plexus/plexus-containers/2.1.0/plexus-containers-2.1.0.pom (4.8 kB at 155 kB/s)
User Service Tests	Ensure test-utils (install if missing)	2025-11-27T03:23:16.7992500Z [INFO] Downloading from central: https://repo.maven.apache.org/maven2/org/codehaus/plexus/plexus-classworlds/2.6.0/plexus-classworlds-2.6.0.pom
User Service Tests	Ensure test-utils (install if missing)	2025-11-27T03:23:16.8238012Z [INFO] Downloaded from central: https://repo.maven.apache.org/maven2/org/codehaus/plexus/plexus-classworlds/2.6.0/plexus-classworlds-2.6.0.pom (7.9 kB at 316 kB/s)
User Service Tests	Ensure test-utils (install if missing)	2025-11-27T03:23:16.8259650Z [INFO] Downloading from central: https://repo.maven.apache.org/maven2/org/apache/maven/maven-model-builder/3.2.5/maven-model-builder-3.2.5.pom
User Service Tests	Ensure test-utils (install if missing)	2025-11-27T03:23:16.8575257Z [INFO] Downloaded from central: https://repo.maven.apache.org/maven2/org/apache/maven/maven-model-builder/3.2.5/maven-model-builder-3.2.5.pom (3.0 kB at 94 kB/s)
User Service Tests	Ensure test-utils (install if missing)	2025-11-27T03:23:16.8608099Z [INFO] Downloading from central: https://repo.maven.apache.org/maven2/org/apache/maven/maven-aether-provider/3.2.5/maven-aether-provider-3.2.5.pom
User Service Tests	Ensure test-utils (install if missing)	2025-11-27T03:23:16.8862043Z [INFO] Downloaded from central: https://repo.maven.apache.org/maven2/org/apache/maven/maven-aether-provider/3.2.5/maven-aether-provider-3.2.5.pom (4.2 kB at 170 kB/s)
User Service Tests	Ensure test-utils (install if missing)	2025-11-27T03:23:16.8889780Z [INFO] Downloading from central: https://repo.maven.apache.org/maven2/org/eclipse/aether/aether-spi/1.0.0.v20140518/aether-spi-1.0.0.v20140518.pom
User Service Tests	Ensure test-utils (install if missing)	2025-11-27T03:23:16.9171718Z [INFO] Downloaded from central: https://repo.maven.apache.org/maven2/org/eclipse/aether/aether-spi/1.0.0.v20140518/aether-spi-1.0.0.v20140518.pom (2.1 kB at 73 kB/s)
User Service Tests	Ensure test-utils (install if missing)	2025-11-27T03:23:16.9194880Z [INFO] Downloading from central: https://repo.maven.apache.org/maven2/org/eclipse/aether/aether-impl/1.0.0.v20140518/aether-impl-1.0.0.v20140518.pom
User Service Tests	Ensure test-utils (install if missing)	2025-11-27T03:23:16.9520345Z [INFO] Downloaded from central: https://repo.maven.apache.org/maven2/org/eclipse/aether/aether-impl/1.0.0.v20140518/aether-impl-1.0.0.v20140518.pom (3.5 kB at 109 kB/s)
User Service Tests	Ensure test-utils (install if missing)	2025-11-27T03:23:16.9547556Z [INFO] Downloading from central: https://repo.maven.apache.org/maven2/org/sonatype/sisu/sisu-guice/3.2.3/sisu-guice-3.2.3.pom
User Service Tests	Ensure test-utils (install if missing)	2025-11-27T03:23:16.9819147Z [INFO] Downloaded from central: https://repo.maven.apache.org/maven2/org/sonatype/sisu/sisu-guice/3.2.3/sisu-guice-3.2.3.pom (11 kB at 405 kB/s)
User Service Tests	Ensure test-utils (install if missing)	2025-11-27T03:23:16.9835090Z [INFO] Downloading from central: https://repo.maven.apache.org/maven2/org/sonatype/sisu/inject/guice-parent/3.2.3/guice-parent-3.2.3.pom
User Service Tests	Ensure test-utils (install if missing)	2025-11-27T03:23:17.0169105Z [INFO] Downloaded from central: https://repo.maven.apache.org/maven2/org/sonatype/sisu/inject/guice-parent/3.2.3/guice-parent-3.2.3.pom (13 kB at 408 kB/s)
User Service Tests	Ensure test-utils (install if missing)	2025-11-27T03:23:17.0186112Z [INFO] Downloading from central: https://repo.maven.apache.org/maven2/org/sonatype/forge/forge-parent/38/forge-parent-38.pom
User Service Tests	Ensure test-utils (install if missing)	2025-11-27T03:23:17.0531242Z [INFO] Downloaded from central: https://repo.maven.apache.org/maven2/org/sonatype/forge/forge-parent/38/forge-parent-38.pom (19 kB at 551 kB/s)
User Service Tests	Ensure test-utils (install if missing)	2025-11-27T03:23:17.0555799Z [INFO] Downloading from central: https://repo.maven.apache.org/maven2/aopalliance/aopalliance/1.0/aopalliance-1.0.pom
User Service Tests	Ensure test-utils (install if missing)	2025-11-27T03:23:17.0832730Z [INFO] Downloaded from central: https://repo.maven.apache.org/maven2/aopalliance/aopalliance/1.0/aopalliance-1.0.pom (363 B at 13 kB/s)
User Service Tests	Ensure test-utils (install if missing)	2025-11-27T03:23:17.0851555Z [INFO] Downloading from central: https://repo.maven.apache.org/maven2/com/google/guava/guava/16.0.1/guava-16.0.1.pom
User Service Tests	Ensure test-utils (install if missing)	2025-11-27T03:23:17.1089092Z [INFO] Downloaded from central: https://repo.maven.apache.org/maven2/com/google/guava/guava/16.0.1/guava-16.0.1.pom (6.1 kB at 254 kB/s)
User Service Tests	Ensure test-utils (install if missing)	2025-11-27T03:23:17.1108122Z [INFO] Downloading from central: https://repo.maven.apache.org/maven2/com/google/guava/guava-parent/16.0.1/guava-parent-16.0.1.pom
User Service Tests	Ensure test-utils (install if missing)	2025-11-27T03:23:17.1402761Z [INFO] Downloaded from central: https://repo.maven.apache.org/maven2/com/google/guava/guava-parent/16.0.1/guava-parent-16.0.1.pom (7.3 kB at 245 kB/s)
User Service Tests	Ensure test-utils (install if missing)	2025-11-27T03:23:17.1426768Z [INFO] Downloading from central: https://repo.maven.apache.org/maven2/org/codehaus/plexus/plexus-classworlds/2.5.2/plexus-classworlds-2.5.2.pom
User Service Tests	Ensure test-utils (install if missing)	2025-11-27T03:23:17.1687331Z [INFO] Downloaded from central: https://repo.maven.apache.org/maven2/org/codehaus/plexus/plexus-classworlds/2.5.2/plexus-classworlds-2.5.2.pom (7.3 kB at 281 kB/s)
User Service Tests	Ensure test-utils (install if missing)	2025-11-27T03:23:17.1720225Z [INFO] Downloading from central: https://repo.maven.apache.org/maven2/commons-io/commons-io/2.15.1/commons-io-2.15.1.pom
User Service Tests	Ensure test-utils (install if missing)	2025-11-27T03:23:17.2097778Z [INFO] Downloaded from central: https://repo.maven.apache.org/maven2/commons-io/commons-io/2.15.1/commons-io-2.15.1.pom (20 kB at 526 kB/s)
User Service Tests	Ensure test-utils (install if missing)	2025-11-27T03:23:17.2120908Z [INFO] Downloading from central: https://repo.maven.apache.org/maven2/org/apache/commons/commons-parent/65/commons-parent-65.pom
User Service Tests	Ensure test-utils (install if missing)	2025-11-27T03:23:17.2605330Z [INFO] Downloaded from central: https://repo.maven.apache.org/maven2/org/apache/commons/commons-parent/65/commons-parent-65.pom (78 kB at 1.6 MB/s)
User Service Tests	Ensure test-utils (install if missing)	2025-11-27T03:23:17.2652071Z [INFO] Downloading from central: https://repo.maven.apache.org/maven2/org/junit/junit-bom/5.10.1/junit-bom-5.10.1.pom
User Service Tests	Ensure test-utils (install if missing)	2025-11-27T03:23:17.2961019Z [INFO] Downloaded from central: https://repo.maven.apache.org/maven2/org/junit/junit-bom/5.10.1/junit-bom-5.10.1.pom (5.6 kB at 182 kB/s)
User Service Tests	Ensure test-utils (install if missing)	2025-11-27T03:23:17.3042264Z [INFO] Downloading from central: https://repo.maven.apache.org/maven2/org/apache/maven/surefire/maven-surefire-common/3.2.5/maven-surefire-common-3.2.5.jar
User Service Tests	Ensure test-utils (install if missing)	2025-11-27T03:23:17.3376305Z [INFO] Downloaded from central: https://repo.maven.apache.org/maven2/org/apache/maven/surefire/maven-surefire-common/3.2.5/maven-surefire-common-3.2.5.jar (308 kB at 9.1 MB/s)
User Service Tests	Ensure test-utils (install if missing)	2025-11-27T03:23:17.3383483Z [INFO] Downloading from central: https://repo.maven.apache.org/maven2/org/apache/maven/surefire/surefire-api/3.2.5/surefire-api-3.2.5.jar
User Service Tests	Ensure test-utils (install if missing)	2025-11-27T03:23:17.3385245Z [INFO] Downloading from central: https://repo.maven.apache.org/maven2/org/apache/maven/surefire/surefire-logger-api/3.2.5/surefire-logger-api-3.2.5.jar
User Service Tests	Ensure test-utils (install if missing)	2025-11-27T03:23:17.3387165Z [INFO] Downloading from central: https://repo.maven.apache.org/maven2/org/apache/maven/surefire/surefire-extensions-api/3.2.5/surefire-extensions-api-3.2.5.jar
User Service Tests	Ensure test-utils (install if missing)	2025-11-27T03:23:17.3394134Z [INFO] Downloading from central: https://repo.maven.apache.org/maven2/org/apache/maven/surefire/surefire-booter/3.2.5/surefire-booter-3.2.5.jar
User Service Tests	Ensure test-utils (install if missing)	2025-11-27T03:23:17.3396982Z [INFO] Downloading from central: https://repo.maven.apache.org/maven2/org/apache/maven/surefire/surefire-extensions-spi/3.2.5/surefire-extensions-spi-3.2.5.jar
User Service Tests	Ensure test-utils (install if missing)	2025-11-27T03:23:17.3680415Z [INFO] Downloaded from central: https://repo.maven.apache.org/maven2/org/apache/maven/surefire/surefire-api/3.2.5/surefire-api-3.2.5.jar (171 kB at 5.7 MB/s)
User Service Tests	Ensure test-utils (install if missing)	2025-11-27T03:23:17.3682258Z [INFO] Downloading from central: https://repo.maven.apache.org/maven2/org/eclipse/aether/aether-util/1.0.0.v20140518/aether-util-1.0.0.v20140518.jar
User Service Tests	Ensure test-utils (install if missing)	2025-11-27T03:23:17.3761259Z [INFO] Downloaded from central: https://repo.maven.apache.org/maven2/org/apache/maven/surefire/surefire-extensions-spi/3.2.5/surefire-extensions-spi-3.2.5.jar (8.2 kB at 221 kB/s)
User Service Tests	Ensure test-utils (install if missing)	2025-11-27T03:23:17.3765390Z [INFO] Downloading from central: https://repo.maven.apache.org/maven2/org/eclipse/aether/aether-api/1.0.0.v20140518/aether-api-1.0.0.v20140518.jar
User Service Tests	Ensure test-utils (install if missing)	2025-11-27T03:23:17.3767921Z [INFO] Downloaded from central: https://repo.maven.apache.org/maven2/org/apache/maven/surefire/surefire-logger-api/3.2.5/surefire-logger-api-3.2.5.jar (14 kB at 348 kB/s)
User Service Tests	Ensure test-utils (install if missing)	2025-11-27T03:23:17.3769875Z [INFO] Downloading from central: https://repo.maven.apache.org/maven2/org/apache/maven/shared/maven-common-artifact-filters/3.1.1/maven-common-artifact-filters-3.1.1.jar
User Service Tests	Ensure test-utils (install if missing)	2025-11-27T03:23:17.3812382Z [INFO] Downloaded from central: https://repo.maven.apache.org/maven2/org/apache/maven/surefire/surefire-extensions-api/3.2.5/surefire-extensions-api-3.2.5.jar (26 kB at 588 kB/s)
User Service Tests	Ensure test-utils (install if missing)	2025-11-27T03:23:17.3815065Z [INFO] Downloading from central: https://repo.maven.apache.org/maven2/commons-io/commons-io/2.15.1/commons-io-2.15.1.jar
User Service Tests	Ensure test-utils (install if missing)	2025-11-27T03:23:17.3846408Z [INFO] Downloaded from central: https://repo.maven.apache.org/maven2/org/apache/maven/surefire/surefire-booter/3.2.5/surefire-booter-3.2.5.jar (118 kB at 2.6 MB/s)
User Service Tests	Ensure test-utils (install if missing)	2025-11-27T03:23:17.3848986Z [INFO] Downloading from central: https://repo.maven.apache.org/maven2/org/apache/maven/surefire/surefire-shared-utils/3.2.5/surefire-shared-utils-3.2.5.jar
User Service Tests	Ensure test-utils (install if missing)	2025-11-27T03:23:17.3981925Z [INFO] Downloaded from central: https://repo.maven.apache.org/maven2/org/eclipse/aether/aether-util/1.0.0.v20140518/aether-util-1.0.0.v20140518.jar (146 kB at 2.5 MB/s)
User Service Tests	Ensure test-utils (install if missing)	2025-11-27T03:23:17.4110809Z [INFO] Downloaded from central: https://repo.maven.apache.org/maven2/org/eclipse/aether/aether-api/1.0.0.v20140518/aether-api-1.0.0.v20140518.jar (136 kB at 1.9 MB/s)
User Service Tests	Ensure test-utils (install if missing)	2025-11-27T03:23:17.4150211Z [INFO] Downloaded from central: https://repo.maven.apache.org/maven2/org/apache/maven/shared/maven-common-artifact-filters/3.1.1/maven-common-artifact-filters-3.1.1.jar (61 kB at 811 kB/s)
User Service Tests	Ensure test-utils (install if missing)	2025-11-27T03:23:17.4244706Z [INFO] Downloaded from central: https://repo.maven.apache.org/maven2/commons-io/commons-io/2.15.1/commons-io-2.15.1.jar (501 kB at 5.9 MB/s)
User Service Tests	Ensure test-utils (install if missing)	2025-11-27T03:23:17.4403101Z [INFO] Downloaded from central: https://repo.maven.apache.org/maven2/org/apache/maven/surefire/surefire-shared-utils/3.2.5/surefire-shared-utils-3.2.5.jar (2.4 MB at 24 MB/s)
User Service Tests	Ensure test-utils (install if missing)	2025-11-27T03:23:17.5034841Z [INFO] Tests are skipped.
User Service Tests	Ensure test-utils (install if missing)	2025-11-27T03:23:17.5037826Z [INFO] 
User Service Tests	Ensure test-utils (install if missing)	2025-11-27T03:23:17.5039405Z [INFO] --- jar:3.4.2:jar (default-jar) @ test-utils ---
User Service Tests	Ensure test-utils (install if missing)	2025-11-27T03:23:17.5079798Z [INFO] Downloading from central: https://repo.maven.apache.org/maven2/org/apache/maven/shared/file-management/3.1.0/file-management-3.1.0.pom
User Service Tests	Ensure test-utils (install if missing)	2025-11-27T03:23:17.5414605Z [INFO] Downloaded from central: https://repo.maven.apache.org/maven2/org/apache/maven/shared/file-management/3.1.0/file-management-3.1.0.pom (4.5 kB at 132 kB/s)
User Service Tests	Ensure test-utils (install if missing)	2025-11-27T03:23:17.5437421Z [INFO] Downloading from central: https://repo.maven.apache.org/maven2/org/apache/maven/shared/maven-shared-components/36/maven-shared-components-36.pom
User Service Tests	Ensure test-utils (install if missing)	2025-11-27T03:23:17.5788185Z [INFO] Downloaded from central: https://repo.maven.apache.org/maven2/org/apache/maven/shared/maven-shared-components/36/maven-shared-components-36.pom (4.9 kB at 140 kB/s)
User Service Tests	Ensure test-utils (install if missing)	2025-11-27T03:23:17.5801054Z [INFO] Downloading from central: https://repo.maven.apache.org/maven2/org/apache/maven/maven-parent/36/maven-parent-36.pom
User Service Tests	Ensure test-utils (install if missing)	2025-11-27T03:23:17.6208141Z [INFO] Downloaded from central: https://repo.maven.apache.org/maven2/org/apache/maven/maven-parent/36/maven-parent-36.pom (45 kB at 1.1 MB/s)
User Service Tests	Ensure test-utils (install if missing)	2025-11-27T03:23:17.6224639Z [INFO] Downloading from central: https://repo.maven.apache.org/maven2/org/apache/apache/26/apache-26.pom
User Service Tests	Ensure test-utils (install if missing)	2025-11-27T03:23:17.6490534Z [INFO] Downloaded from central: https://repo.maven.apache.org/maven2/org/apache/apache/26/apache-26.pom (21 kB at 790 kB/s)
User Service Tests	Ensure test-utils (install if missing)	2025-11-27T03:23:17.6516200Z [INFO] Downloading from central: https://repo.maven.apache.org/maven2/org/codehaus/plexus/plexus-utils/4.0.1/plexus-utils-4.0.1.pom
User Service Tests	Ensure test-utils (install if missing)	2025-11-27T03:23:17.6819064Z [INFO] Downloaded from central: https://repo.maven.apache.org/maven2/org/codehaus/plexus/plexus-utils/4.0.1/plexus-utils-4.0.1.pom (7.8 kB at 261 kB/s)
User Service Tests	Ensure test-utils (install if missing)	2025-11-27T03:23:17.6837699Z [INFO] Downloading from central: https://repo.maven.apache.org/maven2/commons-io/commons-io/2.16.1/commons-io-2.16.1.pom
User Service Tests	Ensure test-utils (install if missing)	2025-11-27T03:23:17.7158465Z [INFO] Downloaded from central: https://repo.maven.apache.org/maven2/commons-io/commons-io/2.16.1/commons-io-2.16.1.pom (20 kB at 613 kB/s)
User Service Tests	Ensure test-utils (install if missing)	2025-11-27T03:23:17.7178212Z [INFO] Downloading from central: https://repo.maven.apache.org/maven2/org/apache/commons/commons-parent/69/commons-parent-69.pom
User Service Tests	Ensure test-utils (install if missing)	2025-11-27T03:23:17.7518907Z [INFO] Downloaded from central: https://repo.maven.apache.org/maven2/org/apache/commons/commons-parent/69/commons-parent-69.pom (77 kB at 2.3 MB/s)
User Service Tests	Ensure test-utils (install if missing)	2025-11-27T03:23:17.7562397Z [INFO] Downloading from central: https://repo.maven.apache.org/maven2/org/apache/maven/maven-archiver/3.6.2/maven-archiver-3.6.2.pom
User Service Tests	Ensure test-utils (install if missing)	2025-11-27T03:23:17.7844061Z [INFO] Downloaded from central: https://repo.maven.apache.org/maven2/org/apache/maven/maven-archiver/3.6.2/maven-archiver-3.6.2.pom (4.4 kB at 157 kB/s)
User Service Tests	Ensure test-utils (install if missing)	2025-11-27T03:23:17.7859081Z [INFO] Downloading from central: https://repo.maven.apache.org/maven2/org/apache/maven/shared/maven-shared-components/41/maven-shared-components-41.pom
User Service Tests	Ensure test-utils (install if missing)	2025-11-27T03:23:17.8240271Z [INFO] Downloaded from central: https://repo.maven.apache.org/maven2/org/apache/maven/shared/maven-shared-components/41/maven-shared-components-41.pom (3.2 kB at 84 kB/s)
User Service Tests	Ensure test-utils (install if missing)	2025-11-27T03:23:17.8266026Z [INFO] Downloading from central: https://repo.maven.apache.org/maven2/org/codehaus/plexus/plexus-archiver/4.9.2/plexus-archiver-4.9.2.pom
User Service Tests	Ensure test-utils (install if missing)	2025-11-27T03:23:17.8574804Z [INFO] Downloaded from central: https://repo.maven.apache.org/maven2/org/codehaus/plexus/plexus-archiver/4.9.2/plexus-archiver-4.9.2.pom (6.0 kB at 193 kB/s)
User Service Tests	Ensure test-utils (install if missing)	2025-11-27T03:23:17.8599829Z [INFO] Downloading from central: https://repo.maven.apache.org/maven2/org/codehaus/plexus/plexus-io/3.4.2/plexus-io-3.4.2.pom
User Service Tests	Ensure test-utils (install if missing)	2025-11-27T03:23:17.8871801Z [INFO] Downloaded from central: https://repo.maven.apache.org/maven2/org/codehaus/plexus/plexus-io/3.4.2/plexus-io-3.4.2.pom (3.9 kB at 143 kB/s)
User Service Tests	Ensure test-utils (install if missing)	2025-11-27T03:23:17.8884010Z [INFO] Downloading from central: https://repo.maven.apache.org/maven2/org/codehaus/plexus/plexus/16/plexus-16.pom
User Service Tests	Ensure test-utils (install if missing)	2025-11-27T03:23:17.9186116Z [INFO] Downloaded from central: https://repo.maven.apache.org/maven2/org/codehaus/plexus/plexus/16/plexus-16.pom (28 kB at 921 kB/s)
User Service Tests	Ensure test-utils (install if missing)	2025-11-27T03:23:17.9214111Z [INFO] Downloading from central: https://repo.maven.apache.org/maven2/org/apache/commons/commons-compress/1.26.1/commons-compress-1.26.1.pom
User Service Tests	Ensure test-utils (install if missing)	2025-11-27T03:23:17.9690901Z [INFO] Downloaded from central: https://repo.maven.apache.org/maven2/org/apache/commons/commons-compress/1.26.1/commons-compress-1.26.1.pom (22 kB at 476 kB/s)
User Service Tests	Ensure test-utils (install if missing)	2025-11-27T03:23:17.9710310Z [INFO] Downloading from central: https://repo.maven.apache.org/maven2/org/apache/commons/commons-parent/66/commons-parent-66.pom
User Service Tests	Ensure test-utils (install if missing)	2025-11-27T03:23:18.0196420Z [INFO] Downloaded from central: https://repo.maven.apache.org/maven2/org/apache/commons/commons-parent/66/commons-parent-66.pom (77 kB at 1.6 MB/s)
User Service Tests	Ensure test-utils (install if missing)	2025-11-27T03:23:18.0232908Z [INFO] Downloading from central: https://repo.maven.apache.org/maven2/commons-codec/commons-codec/1.16.1/commons-codec-1.16.1.pom
User Service Tests	Ensure test-utils (install if missing)	2025-11-27T03:23:18.0514844Z [INFO] Downloaded from central: https://repo.maven.apache.org/maven2/commons-codec/commons-codec/1.16.1/commons-codec-1.16.1.pom (16 kB at 560 kB/s)
User Service Tests	Ensure test-utils (install if missing)	2025-11-27T03:23:18.0547408Z [INFO] Downloading from central: https://repo.maven.apache.org/maven2/org/apache/commons/commons-lang3/3.14.0/commons-lang3-3.14.0.pom
User Service Tests	Ensure test-utils (install if missing)	2025-11-27T03:23:18.0971954Z [INFO] Downloaded from central: https://repo.maven.apache.org/maven2/org/apache/commons/commons-lang3/3.14.0/commons-lang3-3.14.0.pom (31 kB at 718 kB/s)
User Service Tests	Ensure test-utils (install if missing)	2025-11-27T03:23:18.0994009Z [INFO] Downloading from central: https://repo.maven.apache.org/maven2/org/apache/commons/commons-parent/64/commons-parent-64.pom
User Service Tests	Ensure test-utils (install if missing)	2025-11-27T03:23:18.1345642Z [INFO] Downloaded from central: https://repo.maven.apache.org/maven2/org/apache/commons/commons-parent/64/commons-parent-64.pom (78 kB at 2.2 MB/s)
User Service Tests	Ensure test-utils (install if missing)	2025-11-27T03:23:18.1382744Z [INFO] Downloading from central: https://repo.maven.apache.org/maven2/org/apache/apache/30/apache-30.pom
User Service Tests	Ensure test-utils (install if missing)	2025-11-27T03:23:18.1707097Z [INFO] Downloaded from central: https://repo.maven.apache.org/maven2/org/apache/apache/30/apache-30.pom (23 kB at 726 kB/s)
User Service Tests	Ensure test-utils (install if missing)	2025-11-27T03:23:18.1737964Z [INFO] Downloading from central: https://repo.maven.apache.org/maven2/org/iq80/snappy/snappy/0.4/snappy-0.4.pom
User Service Tests	Ensure test-utils (install if missing)	2025-11-27T03:23:18.2046184Z [INFO] Downloaded from central: https://repo.maven.apache.org/maven2/org/iq80/snappy/snappy/0.4/snappy-0.4.pom (15 kB at 469 kB/s)
User Service Tests	Ensure test-utils (install if missing)	2025-11-27T03:23:18.2065723Z [INFO] Downloading from central: https://repo.maven.apache.org/maven2/org/tukaani/xz/1.9/xz-1.9.pom
User Service Tests	Ensure test-utils (install if missing)	2025-11-27T03:23:18.2423301Z [INFO] Downloaded from central: https://repo.maven.apache.org/maven2/org/tukaani/xz/1.9/xz-1.9.pom (2.0 kB at 57 kB/s)
User Service Tests	Ensure test-utils (install if missing)	2025-11-27T03:23:18.2443336Z [INFO] Downloading from central: https://repo.maven.apache.org/maven2/com/github/luben/zstd-jni/1.5.5-11/zstd-jni-1.5.5-11.pom
User Service Tests	Ensure test-utils (install if missing)	2025-11-27T03:23:18.2729924Z [INFO] Downloaded from central: https://repo.maven.apache.org/maven2/com/github/luben/zstd-jni/1.5.5-11/zstd-jni-1.5.5-11.pom (2.0 kB at 72 kB/s)
User Service Tests	Ensure test-utils (install if missing)	2025-11-27T03:23:18.2748535Z [INFO] Downloading from central: https://repo.maven.apache.org/maven2/org/codehaus/plexus/plexus-interpolation/1.27/plexus-interpolation-1.27.pom
User Service Tests	Ensure test-utils (install if missing)	2025-11-27T03:23:18.3092528Z [INFO] Downloaded from central: https://repo.maven.apache.org/maven2/org/codehaus/plexus/plexus-interpolation/1.27/plexus-interpolation-1.27.pom (3.0 kB at 86 kB/s)
User Service Tests	Ensure test-utils (install if missing)	2025-11-27T03:23:18.3140208Z [INFO] Downloading from central: https://repo.maven.apache.org/maven2/org/apache/maven/shared/file-management/3.1.0/file-management-3.1.0.jar
User Service Tests	Ensure test-utils (install if missing)	2025-11-27T03:23:18.3529317Z [INFO] Downloaded from central: https://repo.maven.apache.org/maven2/org/apache/maven/shared/file-management/3.1.0/file-management-3.1.0.jar (36 kB at 931 kB/s)
User Service Tests	Ensure test-utils (install if missing)	2025-11-27T03:23:18.3532555Z [INFO] Downloading from central: https://repo.maven.apache.org/maven2/org/codehaus/plexus/plexus-utils/4.0.1/plexus-utils-4.0.1.jar
User Service Tests	Ensure test-utils (install if missing)	2025-11-27T03:23:18.3538317Z [INFO] Downloading from central: https://repo.maven.apache.org/maven2/commons-io/commons-io/2.16.1/commons-io-2.16.1.jar
User Service Tests	Ensure test-utils (install if missing)	2025-11-27T03:23:18.3540273Z [INFO] Downloading from central: https://repo.maven.apache.org/maven2/org/apache/maven/maven-archiver/3.6.2/maven-archiver-3.6.2.jar
User Service Tests	Ensure test-utils (install if missing)	2025-11-27T03:23:18.3542185Z [INFO] Downloading from central: https://repo.maven.apache.org/maven2/org/codehaus/plexus/plexus-interpolation/1.27/plexus-interpolation-1.27.jar
User Service Tests	Ensure test-utils (install if missing)	2025-11-27T03:23:18.3547741Z [INFO] Downloading from central: https://repo.maven.apache.org/maven2/org/codehaus/plexus/plexus-archiver/4.9.2/plexus-archiver-4.9.2.jar
User Service Tests	Ensure test-utils (install if missing)	2025-11-27T03:23:18.3823015Z [INFO] Downloaded from central: https://repo.maven.apache.org/maven2/org/codehaus/plexus/plexus-archiver/4.9.2/plexus-archiver-4.9.2.jar (225 kB at 8.0 MB/s)
User Service Tests	Ensure test-utils (install if missing)	2025-11-27T03:23:18.3825099Z [INFO] Downloading from central: https://repo.maven.apache.org/maven2/org/codehaus/plexus/plexus-io/3.4.2/plexus-io-3.4.2.jar
User Service Tests	Ensure test-utils (install if missing)	2025-11-27T03:23:18.3916655Z [INFO] Downloaded from central: https://repo.maven.apache.org/maven2/commons-io/commons-io/2.16.1/commons-io-2.16.1.jar (509 kB at 13 MB/s)
User Service Tests	Ensure test-utils (install if missing)	2025-11-27T03:23:18.3927372Z [INFO] Downloading from central: https://repo.maven.apache.org/maven2/org/apache/commons/commons-compress/1.26.1/commons-compress-1.26.1.jar
User Service Tests	Ensure test-utils (install if missing)	2025-11-27T03:23:18.3930156Z [INFO] Downloaded from central: https://repo.maven.apache.org/maven2/org/apache/maven/maven-archiver/3.6.2/maven-archiver-3.6.2.jar (27 kB at 687 kB/s)
User Service Tests	Ensure test-utils (install if missing)	2025-11-27T03:23:18.3932479Z [INFO] Downloading from central: https://repo.maven.apache.org/maven2/org/apache/commons/commons-lang3/3.14.0/commons-lang3-3.14.0.jar
User Service Tests	Ensure test-utils (install if missing)	2025-11-27T03:23:18.3935004Z [INFO] Downloaded from central: https://repo.maven.apache.org/maven2/org/codehaus/plexus/plexus-utils/4.0.1/plexus-utils-4.0.1.jar (193 kB at 4.8 MB/s)
User Service Tests	Ensure test-utils (install if missing)	2025-11-27T03:23:18.3936662Z [INFO] Downloading from central: https://repo.maven.apache.org/maven2/commons-codec/commons-codec/1.16.1/commons-codec-1.16.1.jar
User Service Tests	Ensure test-utils (install if missing)	2025-11-27T03:23:18.3945549Z [INFO] Downloaded from central: https://repo.maven.apache.org/maven2/org/codehaus/plexus/plexus-interpolation/1.27/plexus-interpolation-1.27.jar (86 kB at 2.1 MB/s)
User Service Tests	Ensure test-utils (install if missing)	2025-11-27T03:23:18.3947548Z [INFO] Downloading from central: https://repo.maven.apache.org/maven2/org/iq80/snappy/snappy/0.4/snappy-0.4.jar
User Service Tests	Ensure test-utils (install if missing)	2025-11-27T03:23:18.4097736Z [INFO] Downloaded from central: https://repo.maven.apache.org/maven2/org/codehaus/plexus/plexus-io/3.4.2/plexus-io-3.4.2.jar (79 kB at 1.4 MB/s)
User Service Tests	Ensure test-utils (install if missing)	2025-11-27T03:23:18.4099704Z [INFO] Downloading from central: https://repo.maven.apache.org/maven2/org/tukaani/xz/1.9/xz-1.9.jar
User Service Tests	Ensure test-utils (install if missing)	2025-11-27T03:23:18.4258953Z [INFO] Downloaded from central: https://repo.maven.apache.org/maven2/org/apache/commons/commons-lang3/3.14.0/commons-lang3-3.14.0.jar (658 kB at 9.3 MB/s)
User Service Tests	Ensure test-utils (install if missing)	2025-11-27T03:23:18.4260829Z [INFO] Downloading from central: https://repo.maven.apache.org/maven2/com/github/luben/zstd-jni/1.5.5-11/zstd-jni-1.5.5-11.jar
User Service Tests	Ensure test-utils (install if missing)	2025-11-27T03:23:18.4305691Z [INFO] Downloaded from central: https://repo.maven.apache.org/maven2/commons-codec/commons-codec/1.16.1/commons-codec-1.16.1.jar (365 kB at 4.8 MB/s)
User Service Tests	Ensure test-utils (install if missing)	2025-11-27T03:23:18.4307650Z [INFO] Downloaded from central: https://repo.maven.apache.org/maven2/org/apache/commons/commons-compress/1.26.1/commons-compress-1.26.1.jar (1.1 MB at 14 MB/s)
User Service Tests	Ensure test-utils (install if missing)	2025-11-27T03:23:18.4309552Z [INFO] Downloaded from central: https://repo.maven.apache.org/maven2/org/iq80/snappy/snappy/0.4/snappy-0.4.jar (58 kB at 763 kB/s)
User Service Tests	Ensure test-utils (install if missing)	2025-11-27T03:23:18.4432577Z [INFO] Downloaded from central: https://repo.maven.apache.org/maven2/org/tukaani/xz/1.9/xz-1.9.jar (116 kB at 1.3 MB/s)
User Service Tests	Ensure test-utils (install if missing)	2025-11-27T03:23:18.5085503Z [INFO] Downloaded from central: https://repo.maven.apache.org/maven2/com/github/luben/zstd-jni/1.5.5-11/zstd-jni-1.5.5-11.jar (6.8 MB at 44 MB/s)
User Service Tests	Ensure test-utils (install if missing)	2025-11-27T03:23:18.6957719Z [INFO] Building jar: /home/runner/work/shop-ease-enterprise-app/shop-ease-enterprise-app/services/test-utils/target/test-utils-0.1.0.jar
User Service Tests	Ensure test-utils (install if missing)	2025-11-27T03:23:18.7479635Z [INFO] 
User Service Tests	Ensure test-utils (install if missing)	2025-11-27T03:23:18.7490080Z [INFO] --- install:3.1.3:install (default-install) @ test-utils ---
User Service Tests	Ensure test-utils (install if missing)	2025-11-27T03:23:18.7682500Z [INFO] Downloading from central: https://repo.maven.apache.org/maven2/org/apache/maven/resolver/maven-resolver-util/1.9.18/maven-resolver-util-1.9.18.pom
User Service Tests	Ensure test-utils (install if missing)	2025-11-27T03:23:18.8079150Z [INFO] Downloaded from central: https://repo.maven.apache.org/maven2/org/apache/maven/resolver/maven-resolver-util/1.9.18/maven-resolver-util-1.9.18.pom (2.9 kB at 71 kB/s)
User Service Tests	Ensure test-utils (install if missing)	2025-11-27T03:23:18.8100634Z [INFO] Downloading from central: https://repo.maven.apache.org/maven2/org/apache/maven/resolver/maven-resolver/1.9.18/maven-resolver-1.9.18.pom
User Service Tests	Ensure test-utils (install if missing)	2025-11-27T03:23:18.8372985Z [INFO] Downloaded from central: https://repo.maven.apache.org/maven2/org/apache/maven/resolver/maven-resolver/1.9.18/maven-resolver-1.9.18.pom (22 kB at 797 kB/s)
User Service Tests	Ensure test-utils (install if missing)	2025-11-27T03:23:18.8409373Z [INFO] Downloading from central: https://repo.maven.apache.org/maven2/org/apache/maven/resolver/maven-resolver-api/1.9.18/maven-resolver-api-1.9.18.pom
User Service Tests	Ensure test-utils (install if missing)	2025-11-27T03:23:18.8802284Z [INFO] Downloaded from central: https://repo.maven.apache.org/maven2/org/apache/maven/resolver/maven-resolver-api/1.9.18/maven-resolver-api-1.9.18.pom (2.7 kB at 69 kB/s)
User Service Tests	Ensure test-utils (install if missing)	2025-11-27T03:23:18.8841119Z [INFO] Downloading from central: https://repo.maven.apache.org/maven2/org/codehaus/plexus/plexus-xml/3.0.1/plexus-xml-3.0.1.pom
User Service Tests	Ensure test-utils (install if missing)	2025-11-27T03:23:18.9179361Z [INFO] Downloaded from central: https://repo.maven.apache.org/maven2/org/codehaus/plexus/plexus-xml/3.0.1/plexus-xml-3.0.1.pom (3.7 kB at 109 kB/s)
User Service Tests	Ensure test-utils (install if missing)	2025-11-27T03:23:18.9196269Z [INFO] Downloading from central: https://repo.maven.apache.org/maven2/org/codehaus/plexus/plexus/18/plexus-18.pom
User Service Tests	Ensure test-utils (install if missing)	2025-11-27T03:23:18.9491118Z [INFO] Downloaded from central: https://repo.maven.apache.org/maven2/org/codehaus/plexus/plexus/18/plexus-18.pom (29 kB at 1.0 MB/s)
User Service Tests	Ensure test-utils (install if missing)	2025-11-27T03:23:18.9534925Z [INFO] Downloading from central: https://repo.maven.apache.org/maven2/org/apache/maven/resolver/maven-resolver-util/1.9.18/maven-resolver-util-1.9.18.jar
User Service Tests	Ensure test-utils (install if missing)	2025-11-27T03:23:18.9939066Z [INFO] Downloaded from central: https://repo.maven.apache.org/maven2/org/apache/maven/resolver/maven-resolver-util/1.9.18/maven-resolver-util-1.9.18.jar (196 kB at 4.9 MB/s)
User Service Tests	Ensure test-utils (install if missing)	2025-11-27T03:23:18.9944488Z [INFO] Downloading from central: https://repo.maven.apache.org/maven2/org/apache/maven/resolver/maven-resolver-api/1.9.18/maven-resolver-api-1.9.18.jar
User Service Tests	Ensure test-utils (install if missing)	2025-11-27T03:23:18.9946147Z [INFO] Downloading from central: https://repo.maven.apache.org/maven2/org/codehaus/plexus/plexus-xml/3.0.1/plexus-xml-3.0.1.jar
User Service Tests	Ensure test-utils (install if missing)	2025-11-27T03:23:19.0285956Z [INFO] Downloaded from central: https://repo.maven.apache.org/maven2/org/apache/maven/resolver/maven-resolver-api/1.9.18/maven-resolver-api-1.9.18.jar (157 kB at 4.5 MB/s)
User Service Tests	Ensure test-utils (install if missing)	2025-11-27T03:23:19.0323348Z [INFO] Downloaded from central: https://repo.maven.apache.org/maven2/org/codehaus/plexus/plexus-xml/3.0.1/plexus-xml-3.0.1.jar (94 kB at 2.4 MB/s)
User Service Tests	Ensure test-utils (install if missing)	2025-11-27T03:23:19.0551467Z [INFO] Installing /home/runner/work/shop-ease-enterprise-app/shop-ease-enterprise-app/services/test-utils/pom.xml to /home/runner/.m2/repository/org/kunlecreates/test-utils/0.1.0/test-utils-0.1.0.pom
User Service Tests	Ensure test-utils (install if missing)	2025-11-27T03:23:19.0560709Z [INFO] Installing /home/runner/work/shop-ease-enterprise-app/shop-ease-enterprise-app/services/test-utils/target/test-utils-0.1.0.jar to /home/runner/.m2/repository/org/kunlecreates/test-utils/0.1.0/test-utils-0.1.0.jar
User Service Tests	Ensure test-utils (install if missing)	2025-11-27T03:23:19.0606997Z [INFO] ------------------------------------------------------------------------
User Service Tests	Ensure test-utils (install if missing)	2025-11-27T03:23:19.0609355Z [INFO] BUILD SUCCESS
User Service Tests	Ensure test-utils (install if missing)	2025-11-27T03:23:19.0609896Z [INFO] ------------------------------------------------------------------------
User Service Tests	Ensure test-utils (install if missing)	2025-11-27T03:23:19.0619591Z [INFO] Total time:  13.874 s
User Service Tests	Ensure test-utils (install if missing)	2025-11-27T03:23:19.0620616Z [INFO] Finished at: 2025-11-27T03:23:19Z
User Service Tests	Ensure test-utils (install if missing)	2025-11-27T03:23:19.0621468Z [INFO] ------------------------------------------------------------------------
User Service Tests	Run Maven tests	ï»¿2025-11-27T03:23:19.1060329Z ##[group]Run ./services/user-service/mvnw -B -Dapi.version=1.44 -pl services/user-service test
User Service Tests	Run Maven tests	2025-11-27T03:23:19.1060990Z [36;1m./services/user-service/mvnw -B -Dapi.version=1.44 -pl services/user-service test[0m
User Service Tests	Run Maven tests	2025-11-27T03:23:19.1096796Z shell: /usr/bin/bash -e {0}
User Service Tests	Run Maven tests	2025-11-27T03:23:19.1097029Z env:
User Service Tests	Run Maven tests	2025-11-27T03:23:19.1097313Z   JAVA_HOME: /opt/hostedtoolcache/Java_Temurin-Hotspot_jdk/21.0.9-10/x64
User Service Tests	Run Maven tests	2025-11-27T03:23:19.1097762Z   JAVA_HOME_21_X64: /opt/hostedtoolcache/Java_Temurin-Hotspot_jdk/21.0.9-10/x64
User Service Tests	Run Maven tests	2025-11-27T03:23:19.1098098Z ##[endgroup]
User Service Tests	Run Maven tests	2025-11-27T03:23:20.3366948Z [INFO] Scanning for projects...
User Service Tests	Run Maven tests	2025-11-27T03:23:20.3799370Z [ERROR] [ERROR] Could not find the selected project in the reactor: services/user-service @ 
User Service Tests	Run Maven tests	2025-11-27T03:23:20.3803589Z [ERROR] Could not find the selected project in the reactor: services/user-service -> [Help 1]
User Service Tests	Run Maven tests	2025-11-27T03:23:20.3804888Z [ERROR] 
User Service Tests	Run Maven tests	2025-11-27T03:23:20.3811967Z [ERROR] To see the full stack trace of the errors, re-run Maven with the -e switch.
User Service Tests	Run Maven tests	2025-11-27T03:23:20.3814075Z [ERROR] Re-run Maven using the -X switch to enable full debug logging.
User Service Tests	Run Maven tests	2025-11-27T03:23:20.3814642Z [ERROR] 
User Service Tests	Run Maven tests	2025-11-27T03:23:20.3815280Z [ERROR] For more information about the errors and possible solutions, please read the following articles:
User Service Tests	Run Maven tests	2025-11-27T03:23:20.3816341Z [ERROR] [Help 1] http://cwiki.apache.org/confluence/display/MAVEN/MavenExecutionException
User Service Tests	Run Maven tests	2025-11-27T03:23:20.3962487Z ##[error]Process completed with exit code 1.
User Service Tests	Post Set up JDK 21	ï»¿2025-11-27T03:23:20.4063590Z Post job cleanup.
User Service Tests	Post Checkout	ï»¿2025-11-27T03:23:20.5814866Z Post job cleanup.
User Service Tests	Post Checkout	2025-11-27T03:23:20.6796957Z [command]/usr/bin/git version
User Service Tests	Post Checkout	2025-11-27T03:23:20.6841540Z git version 2.51.2
User Service Tests	Post Checkout	2025-11-27T03:23:20.6889961Z Temporarily overriding HOME='/home/runner/work/_temp/1644ff1d-1f2f-419f-8c7d-895ef49cc6b4' before making global git config changes
User Service Tests	Post Checkout	2025-11-27T03:23:20.6892345Z Adding repository directory to the temporary git global config as a safe directory
User Service Tests	Post Checkout	2025-11-27T03:23:20.6906079Z [command]/usr/bin/git config --global --add safe.directory /home/runner/work/shop-ease-enterprise-app/shop-ease-enterprise-app
User Service Tests	Post Checkout	2025-11-27T03:23:20.6945971Z [command]/usr/bin/git config --local --name-only --get-regexp core\.sshCommand
User Service Tests	Post Checkout	2025-11-27T03:23:20.6981197Z [command]/usr/bin/git submodule foreach --recursive sh -c "git config --local --name-only --get-regexp 'core\.sshCommand' && git config --local --unset-all 'core.sshCommand' || :"
User Service Tests	Post Checkout	2025-11-27T03:23:20.7233571Z [command]/usr/bin/git config --local --name-only --get-regexp http\.https\:\/\/github\.com\/\.extraheader
User Service Tests	Post Checkout	2025-11-27T03:23:20.7259144Z http.https://github.com/.extraheader
User Service Tests	Post Checkout	2025-11-27T03:23:20.7272386Z [command]/usr/bin/git config --local --unset-all http.https://github.com/.extraheader
User Service Tests	Post Checkout	2025-11-27T03:23:20.7305677Z [command]/usr/bin/git submodule foreach --recursive sh -c "git config --local --name-only --get-regexp 'http\.https\:\/\/github\.com\/\.extraheader' && git config --local --unset-all 'http.https://github.com/.extraheader' || :"
User Service Tests	Post Checkout	2025-11-27T03:23:20.7546059Z [command]/usr/bin/git config --local --name-only --get-regexp ^includeIf\.gitdir:
User Service Tests	Post Checkout	2025-11-27T03:23:20.7579779Z [command]/usr/bin/git submodule foreach --recursive git config --local --show-origin --name-only --get-regexp remote.origin.url
User Service Tests	Complete job	ï»¿2025-11-27T03:23:20.7928548Z Cleaning up orphan processes
